Archive member included to satisfy reference by file (symbol)

c:/program files (x86)/atmel/studio/7.0/toolchain/arm/arm-gnu-toolchain/bin/../lib/gcc/arm-none-eabi/6.3.1/thumb/v6-m\libgcc.a(_udivsi3.o)
                              src/ASF/sam0/drivers/system/clock/clock_saml21/clock.o (__aeabi_uidiv)
c:/program files (x86)/atmel/studio/7.0/toolchain/arm/arm-gnu-toolchain/bin/../lib/gcc/arm-none-eabi/6.3.1/thumb/v6-m\libgcc.a(_dvmd_tls.o)
                              c:/program files (x86)/atmel/studio/7.0/toolchain/arm/arm-gnu-toolchain/bin/../lib/gcc/arm-none-eabi/6.3.1/thumb/v6-m\libgcc.a(_udivsi3.o) (__aeabi_idiv0)
c:/program files (x86)/atmel/studio/7.0/toolchain/arm/arm-gnu-toolchain/bin/../lib/gcc/arm-none-eabi/6.3.1/thumb/v6-m\libgcc.a(_muldi3.o)
                              src/ASF/sam0/drivers/sercom/sercom.o (__aeabi_lmul)
c:/program files (x86)/atmel/studio/7.0/toolchain/arm/arm-gnu-toolchain/bin/../lib/gcc/arm-none-eabi/6.3.1/thumb/v6-m\libgcc.a(_fixunssfsi.o)
                              src/main.o (__aeabi_f2uiz)
c:/program files (x86)/atmel/studio/7.0/toolchain/arm/arm-gnu-toolchain/bin/../lib/gcc/arm-none-eabi/6.3.1/thumb/v6-m\libgcc.a(addsf3.o)
                              src/main.o (__aeabi_fadd)
c:/program files (x86)/atmel/studio/7.0/toolchain/arm/arm-gnu-toolchain/bin/../lib/gcc/arm-none-eabi/6.3.1/thumb/v6-m\libgcc.a(divsf3.o)
                              src/main.o (__aeabi_fdiv)
c:/program files (x86)/atmel/studio/7.0/toolchain/arm/arm-gnu-toolchain/bin/../lib/gcc/arm-none-eabi/6.3.1/thumb/v6-m\libgcc.a(mulsf3.o)
                              src/main.o (__aeabi_fmul)
c:/program files (x86)/atmel/studio/7.0/toolchain/arm/arm-gnu-toolchain/bin/../lib/gcc/arm-none-eabi/6.3.1/thumb/v6-m\libgcc.a(subsf3.o)
                              c:/program files (x86)/atmel/studio/7.0/toolchain/arm/arm-gnu-toolchain/bin/../lib/gcc/arm-none-eabi/6.3.1/thumb/v6-m\libgcc.a(_fixunssfsi.o) (__aeabi_fsub)
c:/program files (x86)/atmel/studio/7.0/toolchain/arm/arm-gnu-toolchain/bin/../lib/gcc/arm-none-eabi/6.3.1/thumb/v6-m\libgcc.a(fixsfsi.o)
                              c:/program files (x86)/atmel/studio/7.0/toolchain/arm/arm-gnu-toolchain/bin/../lib/gcc/arm-none-eabi/6.3.1/thumb/v6-m\libgcc.a(_fixunssfsi.o) (__aeabi_f2iz)
c:/program files (x86)/atmel/studio/7.0/toolchain/arm/arm-gnu-toolchain/bin/../lib/gcc/arm-none-eabi/6.3.1/thumb/v6-m\libgcc.a(floatsisf.o)
                              src/main.o (__aeabi_i2f)
c:/program files (x86)/atmel/studio/7.0/toolchain/arm/arm-gnu-toolchain/bin/../lib/gcc/arm-none-eabi/6.3.1/thumb/v6-m\libgcc.a(divdf3.o)
                              src/main.o (__aeabi_ddiv)
c:/program files (x86)/atmel/studio/7.0/toolchain/arm/arm-gnu-toolchain/bin/../lib/gcc/arm-none-eabi/6.3.1/thumb/v6-m\libgcc.a(muldf3.o)
                              src/main.o (__aeabi_dmul)
c:/program files (x86)/atmel/studio/7.0/toolchain/arm/arm-gnu-toolchain/bin/../lib/gcc/arm-none-eabi/6.3.1/thumb/v6-m\libgcc.a(floatsidf.o)
                              src/main.o (__aeabi_i2d)
c:/program files (x86)/atmel/studio/7.0/toolchain/arm/arm-gnu-toolchain/bin/../lib/gcc/arm-none-eabi/6.3.1/thumb/v6-m\libgcc.a(extendsfdf2.o)
                              src/main.o (__aeabi_f2d)
c:/program files (x86)/atmel/studio/7.0/toolchain/arm/arm-gnu-toolchain/bin/../lib/gcc/arm-none-eabi/6.3.1/thumb/v6-m\libgcc.a(truncdfsf2.o)
                              src/main.o (__aeabi_d2f)
c:/program files (x86)/atmel/studio/7.0/toolchain/arm/arm-gnu-toolchain/bin/../lib/gcc/arm-none-eabi/6.3.1/thumb/v6-m\libgcc.a(_arm_cmpsf2.o)
                              c:/program files (x86)/atmel/studio/7.0/toolchain/arm/arm-gnu-toolchain/bin/../lib/gcc/arm-none-eabi/6.3.1/thumb/v6-m\libgcc.a(_fixunssfsi.o) (__aeabi_fcmpge)
c:/program files (x86)/atmel/studio/7.0/toolchain/arm/arm-gnu-toolchain/bin/../lib/gcc/arm-none-eabi/6.3.1/thumb/v6-m\libgcc.a(_clzsi2.o)
                              c:/program files (x86)/atmel/studio/7.0/toolchain/arm/arm-gnu-toolchain/bin/../lib/gcc/arm-none-eabi/6.3.1/thumb/v6-m\libgcc.a(addsf3.o) (__clzsi2)
c:/program files (x86)/atmel/studio/7.0/toolchain/arm/arm-gnu-toolchain/bin/../lib/gcc/arm-none-eabi/6.3.1/thumb/v6-m\libgcc.a(eqsf2.o)
                              c:/program files (x86)/atmel/studio/7.0/toolchain/arm/arm-gnu-toolchain/bin/../lib/gcc/arm-none-eabi/6.3.1/thumb/v6-m\libgcc.a(_arm_cmpsf2.o) (__eqsf2)
c:/program files (x86)/atmel/studio/7.0/toolchain/arm/arm-gnu-toolchain/bin/../lib/gcc/arm-none-eabi/6.3.1/thumb/v6-m\libgcc.a(gesf2.o)
                              c:/program files (x86)/atmel/studio/7.0/toolchain/arm/arm-gnu-toolchain/bin/../lib/gcc/arm-none-eabi/6.3.1/thumb/v6-m\libgcc.a(_arm_cmpsf2.o) (__gesf2)
c:/program files (x86)/atmel/studio/7.0/toolchain/arm/arm-gnu-toolchain/bin/../lib/gcc/arm-none-eabi/6.3.1/thumb/v6-m\libgcc.a(lesf2.o)
[...]
Memory Configuration

Name             Origin             Length             Attributes
rom              0x00000000         0x00040000         xr
ram              0x20000000         0x00008000         xrw
lpram            0x30000000         0x00002000         xrw
*default*        0x00000000         0xffffffff

Linker script and memory map

LOAD c:/program files (x86)/atmel/studio/7.0/toolchain/arm/arm-gnu-toolchain/bin/../lib/gcc/arm-none-eabi/6.3.1/thumb/v6-m/crti.o
LOAD c:/program files (x86)/atmel/studio/7.0/toolchain/arm/arm-gnu-toolchain/bin/../lib/gcc/arm-none-eabi/6.3.1/thumb/v6-m/crtbegin.o
LOAD c:/program files (x86)/atmel/studio/7.0/toolchain/arm/arm-gnu-toolchain/bin/../lib/gcc/arm-none-eabi/6.3.1/../../../../arm-none-eabi/lib/thumb/v6-m/crt0.o
LOAD src/ASF/common2/services/delay/sam0/cycle_counter.o
LOAD src/ASF/common/utils/interrupt/interrupt_sam_nvic.o
LOAD src/ASF/sam0/boards/saml21_xplained_pro_b/board_init.o
LOAD src/ASF/sam0/drivers/adc/adc_sam_l_c/adc.o
LOAD src/ASF/sam0/drivers/dma/dma.o
LOAD src/ASF/sam0/drivers/port/port.o
LOAD src/ASF/sam0/drivers/sercom/sercom.o
LOAD src/ASF/sam0/drivers/sercom/sercom_interrupt.o
LOAD src/ASF/sam0/drivers/sercom/usart/usart.o
LOAD src/ASF/sam0/drivers/sercom/usart/usart_interrupt.o
LOAD src/ASF/sam0/drivers/system/clock/clock_saml21/clock.o
LOAD src/ASF/sam0/drivers/system/clock/clock_saml21/gclk.o
LOAD src/ASF/sam0/drivers/system/interrupt/system_interrupt.o
LOAD src/ASF/sam0/drivers/system/pinmux/pinmux.o
LOAD src/ASF/sam0/drivers/system/system.o
LOAD src/ASF/sam0/drivers/tcc/tcc.o
LOAD src/ASF/sam0/utils/cmsis/saml21/source/gcc/startup_saml21.o
LOAD src/ASF/sam0/utils/cmsis/saml21/source/system_saml21.o
LOAD src/ASF/sam0/utils/stdio/read.o
LOAD src/ASF/sam0/utils/stdio/write.o
LOAD src/ASF/sam0/utils/syscalls/gcc/syscalls.o
LOAD src/main.o
START GROUP
LOAD ../src/ASF/thirdparty/CMSIS/Lib/GCC\libarm_cortexM0l_math.a
LOAD c:/program files (x86)/atmel/studio/7.0/toolchain/arm/arm-gnu-toolchain/bin/../lib/gcc/arm-none-eabi/6.3.1/../../../../arm-none-eabi/lib/thumb/v6-m\libm.a
END GROUP
START GROUP
LOAD c:/program files (x86)/atmel/studio/7.0/toolchain/arm/arm-gnu-toolchain/bin/../lib/gcc/arm-none-eabi/6.3.1/thumb/v6-m\libgcc.a
LOAD c:/program files (x86)/atmel/studio/7.0/toolchain/arm/arm-gnu-toolchain/bin/../lib/gcc/arm-none-eabi/6.3.1/../../../../arm-none-eabi/lib/thumb/v6-m\libc_nano.a
END GROUP
START GROUP
LOAD c:/program files (x86)/atmel/studio/7.0/toolchain/arm/arm-gnu-toolchain/bin/../lib/gcc/arm-none-eabi/6.3.1/thumb/v6-m\libgcc.a
LOAD c:/program files (x86)/atmel/studio/7.0/toolchain/arm/arm-gnu-toolchain/bin/../lib/gcc/arm-none-eabi/6.3.1/../../../../arm-none-eabi/lib/thumb/v6-m\libc_nano.a
END GROUP
LOAD c:/program files (x86)/atmel/studio/7.0/toolchain/arm/arm-gnu-toolchain/bin/../lib/gcc/arm-none-eabi/6.3.1/thumb/v6-m/crtend.o
LOAD c:/program files (x86)/atmel/studio/7.0/toolchain/arm/arm-gnu-toolchain/bin/../lib/gcc/arm-none-eabi/6.3.1/thumb/v6-m/crtn.o
                0x00002000                STACK_SIZE = DEFINED (STACK_SIZE)?STACK_SIZE:DEFINED (__stack_size__)?__stack_size__:0x2000

.text           0x00000000     0x6234
                0x00000000                . = ALIGN (0x4)
                0x00000000                _sfixed = .
 *(.vectors .vectors.*)
 .vectors       0x00000000       0xb4 src/ASF/sam0/utils/cmsis/saml21/source/gcc/startup_saml21.o
                0x00000000                exception_table
 *(.text .text.* .gnu.linkonce.t.*)
 .text          0x000000b4       0x60 c:/program files (x86)/atmel/studio/7.0/toolchain/arm/arm-gnu-toolchain/bin/../lib/gcc/arm-none-eabi/6.3.1/thumb/v6-m/crtbegin.o
 .text.cpu_irq_enter_critical
                0x00000114       0x54 src/ASF/common/utils/interrupt/interrupt_sam_nvic.o
                0x00000114                cpu_irq_enter_critical
 .text.cpu_irq_leave_critical
                0x00000168       0x40 src/ASF/common/utils/interrupt/interrupt_sam_nvic.o
                0x00000168                cpu_irq_leave_critical
 .text.system_gclk_chan_get_config_defaults
                0x000001a8       0x16 src/ASF/sam0/drivers/adc/adc_sam_l_c/adc.o
 *fill*         0x000001be        0x2 
 .text.system_apb_clock_set_mask
                0x000001c0       0x7c src/ASF/sam0/drivers/adc/adc_sam_l_c/adc.o
 .text.system_pinmux_get_config_defaults
                0x0000023c       0x28 src/ASF/sam0/drivers/adc/adc_sam_l_c/adc.o
 .text.system_voltage_reference_enable
                0x00000264       0x40 src/ASF/sam0/drivers/adc/adc_sam_l_c/adc.o
 .text.adc_is_syncing
                0x000002a4       0x26 src/ASF/sam0/drivers/adc/adc_sam_l_c/adc.o
 *fill*         0x000002ca        0x2 
 .text._adc_get_inst_index
                0x000002cc       0x48 src/ASF/sam0/drivers/adc/adc_sam_l_c/adc.o
                0x000002cc                _adc_get_inst_index
 .text.adc_get_config_defaults
                0x00000314       0xa6 src/ASF/sam0/drivers/adc/adc_sam_l_c/adc.o
                0x00000314                adc_get_config_defaults
 *fill*         0x000003ba        0x2 
 .text._adc_configure_ain_pin
                0x000003bc       0x80 src/ASF/sam0/drivers/adc/adc_sam_l_c/adc.o
 .text._adc_set_config
                0x0000043c      0x510 src/ASF/sam0/drivers/adc/adc_sam_l_c/adc.o
 .text.adc_init
                0x0000094c       0xa0 src/ASF/sam0/drivers/adc/adc_sam_l_c/adc.o
                0x0000094c                adc_init
 .text.system_ahb_clock_set_mask
                0x000009ec       0x20 src/ASF/sam0/drivers/dma/dma.o
 .text.system_interrupt_enter_critical_section
                0x00000a0c       0x14 src/ASF/sam0/drivers/dma/dma.o
 .text.system_interrupt_leave_critical_section
                0x00000a20       0x14 src/ASF/sam0/drivers/dma/dma.o
 .text.system_interrupt_enable
                0x00000a34       0x2c src/ASF/sam0/drivers/dma/dma.o
 .text._dma_find_first_free_channel_and_allocate
                0x00000a60       0xa0 src/ASF/sam0/drivers/dma/dma.o
 .text._dma_set_config
                0x00000b00       0xac src/ASF/sam0/drivers/dma/dma.o
 .text.DMAC_Handler
                0x00000bac      0x144 src/ASF/sam0/drivers/dma/dma.o
                0x00000bac                DMAC_Handler
 .text.dma_get_config_defaults
                0x00000cf0       0x34 src/ASF/sam0/drivers/dma/dma.o
                0x00000cf0                dma_get_config_defaults
 .text.dma_allocate
                0x00000d24      0x120 src/ASF/sam0/drivers/dma/dma.o
                0x00000d24                dma_allocate
 .text.dma_start_transfer_job
                0x00000e44       0xb8 src/ASF/sam0/drivers/dma/dma.o
                0x00000e44                dma_start_transfer_job
 .text.dma_descriptor_create
                0x00000efc      0x144 src/ASF/sam0/drivers/dma/dma.o
                0x00000efc                dma_descriptor_create
 .text.dma_add_descriptor
                0x00001040       0x4a src/ASF/sam0/drivers/dma/dma.o
                0x00001040                dma_add_descriptor
 .text.system_pinmux_get_config_defaults
                0x0000108a       0x28 src/ASF/sam0/drivers/port/port.o
 *fill*         0x000010b2        0x2 
 .text.port_pin_set_config
                0x000010b4       0x60 src/ASF/sam0/drivers/port/port.o
                0x000010b4                port_pin_set_config
 .text.system_gclk_chan_get_config_defaults
                0x00001114       0x16 src/ASF/sam0/drivers/sercom/sercom.o
 .text.long_division
                0x0000112a       0xe0 src/ASF/sam0/drivers/sercom/sercom.o
 .text._sercom_get_sync_baud_val
                0x0000120a       0x7c src/ASF/sam0/drivers/sercom/sercom.o
                0x0000120a                _sercom_get_sync_baud_val
 *fill*         0x00001286        0x2 
 .text._sercom_get_async_baud_val
                0x00001288      0x1c0 src/ASF/sam0/drivers/sercom/sercom.o
                0x00001288                _sercom_get_async_baud_val
 .text.sercom_set_gclk_generator
                0x00001448       0x8c src/ASF/sam0/drivers/sercom/sercom.o
                0x00001448                sercom_set_gclk_generator
 .text._sercom_get_default_pad
                0x000014d4      0x1bc src/ASF/sam0/drivers/sercom/sercom.o
                0x000014d4                _sercom_get_default_pad
 .text._sercom_get_sercom_inst_index
                0x00001690       0x50 src/ASF/sam0/drivers/sercom/sercom.o
                0x00001690                _sercom_get_sercom_inst_index
 .text._sercom_default_handler
                0x000016e0       0x14 src/ASF/sam0/drivers/sercom/sercom_interrupt.o
 .text._sercom_set_handler
                0x000016f4       0x6c src/ASF/sam0/drivers/sercom/sercom_interrupt.o
                0x000016f4                _sercom_set_handler
 .text._sercom_get_interrupt_vector
                0x00001760       0x44 src/ASF/sam0/drivers/sercom/sercom_interrupt.o
                0x00001760                _sercom_get_interrupt_vector
 .text.SERCOM0_Handler
                0x000017a4       0x18 src/ASF/sam0/drivers/sercom/sercom_interrupt.o
                0x000017a4                SERCOM0_Handler
 .text.SERCOM1_Handler
                0x000017bc       0x18 src/ASF/sam0/drivers/sercom/sercom_interrupt.o
                0x000017bc                SERCOM1_Handler
 .text.SERCOM2_Handler
                0x000017d4       0x18 src/ASF/sam0/drivers/sercom/sercom_interrupt.o
                0x000017d4                SERCOM2_Handler
 .text.SERCOM3_Handler
                0x000017ec       0x18 src/ASF/sam0/drivers/sercom/sercom_interrupt.o
                0x000017ec                SERCOM3_Handler
 .text.SERCOM4_Handler
                0x00001804       0x18 src/ASF/sam0/drivers/sercom/sercom_interrupt.o
                0x00001804                SERCOM4_Handler
 .text.SERCOM5_Handler
                0x0000181c       0x18 src/ASF/sam0/drivers/sercom/sercom_interrupt.o
                0x0000181c                SERCOM5_Handler
 .text.system_gclk_chan_get_config_defaults
                0x00001834       0x16 src/ASF/sam0/drivers/sercom/usart/usart.o
 *fill*         0x0000184a        0x2 
 .text.system_apb_clock_set_mask
                0x0000184c       0x7c src/ASF/sam0/drivers/sercom/usart/usart.o
 .text.system_pinmux_get_config_defaults
                0x000018c8       0x28 src/ASF/sam0/drivers/sercom/usart/usart.o
 .text.system_is_debugger_present
                0x000018f0       0x20 src/ASF/sam0/drivers/sercom/usart/usart.o
 .text.usart_is_syncing
                0x00001910       0x20 src/ASF/sam0/drivers/sercom/usart/usart.o
 .text._usart_wait_for_sync
                0x00001930       0x24 src/ASF/sam0/drivers/sercom/usart/usart.o
 .text._usart_set_config
                0x00001954      0x2e0 src/ASF/sam0/drivers/sercom/usart/usart.o
 .text.usart_init
                0x00001c34      0x298 src/ASF/sam0/drivers/sercom/usart/usart.o
                0x00001c34                usart_init
 .text.usart_is_syncing
                0x00001ecc       0x20 src/ASF/sam0/drivers/sercom/usart/usart_interrupt.o
 .text._usart_wait_for_sync
                0x00001eec       0x24 src/ASF/sam0/drivers/sercom/usart/usart_interrupt.o
 .text._usart_interrupt_handler
                0x00001f10      0x340 src/ASF/sam0/drivers/sercom/usart/usart_interrupt.o
                0x00001f10                _usart_interrupt_handler
 .text._system_dfll_wait_for_sync
                0x00002250       0x1c src/ASF/sam0/drivers/system/clock/clock_saml21/clock.o
 .text.system_clock_source_get_hz
                0x0000226c       0xc0 src/ASF/sam0/drivers/system/clock/clock_saml21/clock.o
                0x0000226c                system_clock_source_get_hz
 .text.system_interrupt_enter_critical_section
                0x0000232c       0x14 src/ASF/sam0/drivers/system/clock/clock_saml21/gclk.o
 .text.system_interrupt_leave_critical_section
                0x00002340       0x14 src/ASF/sam0/drivers/system/clock/clock_saml21/gclk.o
 .text.system_gclk_is_syncing
                0x00002354       0x3c src/ASF/sam0/drivers/system/clock/clock_saml21/gclk.o
 .text.system_gclk_gen_get_hz
                0x00002390       0xc0 src/ASF/sam0/drivers/system/clock/clock_saml21/gclk.o
                0x00002390                system_gclk_gen_get_hz
 .text.system_gclk_chan_set_config
                0x00002450       0x40 src/ASF/sam0/drivers/system/clock/clock_saml21/gclk.o
                0x00002450                system_gclk_chan_set_config
 .text.system_gclk_chan_enable
                0x00002490       0x58 src/ASF/sam0/drivers/system/clock/clock_saml21/gclk.o
                0x00002490                system_gclk_chan_enable
 .text.system_gclk_chan_disable
                0x000024e8       0x58 src/ASF/sam0/drivers/system/clock/clock_saml21/gclk.o
                0x000024e8                system_gclk_chan_disable
 .text.system_gclk_chan_get_hz
                0x00002540       0x54 src/ASF/sam0/drivers/system/clock/clock_saml21/gclk.o
                0x00002540                system_gclk_chan_get_hz
 .text.system_pinmux_get_group_from_gpio_pin
                0x00002594       0x60 src/ASF/sam0/drivers/system/pinmux/pinmux.o
 .text._system_pinmux_config
                0x000025f4      0x110 src/ASF/sam0/drivers/system/pinmux/pinmux.o
 .text.system_pinmux_pin_set_config
                0x00002704       0x48 src/ASF/sam0/drivers/system/pinmux/pinmux.o
                0x00002704                system_pinmux_pin_set_config
 .text.system_gclk_chan_get_config_defaults
                0x0000274c       0x16 src/ASF/sam0/drivers/tcc/tcc.o
 *fill*         0x00002762        0x2 
 .text.system_apb_clock_set_mask
                0x00002764       0x7c src/ASF/sam0/drivers/tcc/tcc.o
 .text.system_pinmux_get_config_defaults
                0x000027e0       0x28 src/ASF/sam0/drivers/tcc/tcc.o
 .text._tcc_get_inst_index
                0x00002808       0x3c src/ASF/sam0/drivers/tcc/tcc.o
                0x00002808                _tcc_get_inst_index
 .text.tcc_get_config_defaults
                0x00002844      0x2d4 src/ASF/sam0/drivers/tcc/tcc.o
                0x00002844                tcc_get_config_defaults
 .text._tcc_build_ctrla
                0x00002b18       0xa4 src/ASF/sam0/drivers/tcc/tcc.o
 .text._tcc_build_ctrlb
                0x00002bbc       0x5c src/ASF/sam0/drivers/tcc/tcc.o
 .text._tcc_build_faults
                0x00002c18      0x11c src/ASF/sam0/drivers/tcc/tcc.o
 .text._tcc_build_drvctrl
                0x00002d34       0xd8 src/ASF/sam0/drivers/tcc/tcc.o
 .text._tcc_build_waves
                0x00002e0c       0x98 src/ASF/sam0/drivers/tcc/tcc.o
 .text.tcc_init
                0x00002ea4      0x358 src/ASF/sam0/drivers/tcc/tcc.o
                0x00002ea4                tcc_init
 .text.Reset_Handler
                0x000031fc       0x94 src/ASF/sam0/utils/cmsis/saml21/source/gcc/startup_saml21.o
                0x000031fc                Reset_Handler
 .text.Dummy_Handler
                0x00003290        0x6 src/ASF/sam0/utils/cmsis/saml21/source/gcc/startup_saml21.o
                0x00003290                TRNG_Handler
                0x00003290                HardFault_Handler
                0x00003290                TC2_Handler
                0x00003290                AC_Handler
                0x00003290                SysTick_Handler
                0x00003290                PendSV_Handler
                0x00003290                NMI_Handler
                0x00003290                ADC_Handler
                0x00003290                TCC1_Handler
                0x00003290                TCC0_Handler
                0x00003290                RTC_Handler
                0x00003290                EIC_Handler
                0x00003290                WDT_Handler
                0x00003290                TC4_Handler
                0x00003290                TC1_Handler
                0x00003290                USB_Handler
                0x00003290                TC3_Handler
                0x00003290                Dummy_Handler
                0x00003290                SVC_Handler
                0x00003290                TCC2_Handler
                0x00003290                EVSYS_Handler
                0x00003290                NVMCTRL_Handler
                0x00003290                SYSTEM_Handler
                0x00003290                DAC_Handler
                0x00003290                PTC_Handler
                0x00003290                TC0_Handler
                0x00003290                AES_Handler
 .text.system_pinmux_get_config_defaults
                0x00003296       0x28 src/main.o
 *fill*         0x000032be        0x2 
 .text.system_pinmux_get_group_from_gpio_pin
                0x000032c0       0x60 src/main.o
 .text.system_voltage_reference_get_config_defaults
                0x00003320       0x22 src/main.o
 *fill*         0x00003342        0x2 
 .text.system_voltage_reference_set_config
                0x00003344       0x64 src/main.o
 .text.adc_is_syncing
                0x000033a8       0x26 src/main.o
 .text.adc_get_status
                0x000033ce       0x54 src/main.o
 .text.adc_clear_status
                0x00003422       0x54 src/main.o
 *fill*         0x00003476        0x2 
 .text.adc_enable
                0x00003478       0x54 src/main.o
 .text.adc_start_conversion
                0x000034cc       0x48 src/main.o
 .text.adc_read
                0x00003514       0x68 src/main.o
 .text.adc_set_positive_input
                0x0000357c       0x58 src/main.o
 .text.dma_enable_callback
                0x000035d4       0x5c src/main.o
 .text.dma_register_callback
                0x00003630       0x26 src/main.o
 .text.dma_descriptor_get_config_defaults
                0x00003656       0x58 src/main.o
 *fill*         0x000036ae        0x2 
 .text.port_get_group_from_gpio_pin
                0x000036b0       0x24 src/main.o
 .text.port_get_config_defaults
                0x000036d4       0x22 src/main.o
 *fill*         0x000036f6        0x2 
 .text.port_pin_set_output_level
                0x000036f8       0x54 src/main.o
 .text.system_interrupt_enable
                0x0000374c       0x2c src/main.o
 .text.usart_is_syncing
                0x00003778       0x20 src/main.o
 .text._usart_wait_for_sync
                0x00003798       0x24 src/main.o
 .text.usart_get_config_defaults
                0x000037bc       0xbe src/main.o
 *fill*         0x0000387a        0x2 
 .text.usart_enable
                0x0000387c       0x48 src/main.o
 .text.transfer_done_rx
                0x000038c4       0x2c src/main.o
 .text.configure_dma_resource_rx
                0x000038f0       0x40 src/main.o
 .text.setup_transfer_descriptor_rx
                0x00003930       0x68 src/main.o
 .text.configure_dma_resource_tx
                0x00003998       0x40 src/main.o
 .text.setup_transfer_descriptor_tx
                0x000039d8       0x68 src/main.o
 .text.check_for_commands
                0x00003a40       0xd8 src/main.o
                0x00003a40                check_for_commands
 .text.configure_usart
                0x00003b18       0x78 src/main.o
 .text.measure_voltage
                0x00003b90       0xa8 src/main.o
 .text.main     0x00003c38      0x510 src/main.o
                0x00003c38                main
 .text          0x00004148      0x114 c:/program files (x86)/atmel/studio/7.0/toolchain/arm/arm-gnu-toolchain/bin/../lib/gcc/arm-none-eabi/6.3.1/thumb/v6-m\libgcc.a(_udivsi3.o)
                0x00004148                __aeabi_uidiv
                0x00004148                __udivsi3
                0x00004254                __aeabi_uidivmod
 .text          0x0000425c        0x4 c:/program files (x86)/atmel/studio/7.0/toolchain/arm/arm-gnu-toolchain/bin/../lib/gcc/arm-none-eabi/6.3.1/thumb/v6-m\libgcc.a(_dvmd_tls.o)
                0x0000425c                __aeabi_idiv0
                0x0000425c                __aeabi_ldiv0
 .text          0x00004260       0x54 c:/program files (x86)/atmel/studio/7.0/toolchain/arm/arm-gnu-toolchain/bin/../lib/gcc/arm-none-eabi/6.3.1/thumb/v6-m\libgcc.a(_muldi3.o)
                0x00004260                __muldi3
                0x00004260                __aeabi_lmul
 .text          0x000042b4       0x30 c:/program files (x86)/atmel/studio/7.0/toolchain/arm/arm-gnu-toolchain/bin/../lib/gcc/arm-none-eabi/6.3.1/thumb/v6-m\libgcc.a(_fixunssfsi.o)
                0x000042b4                __fixunssfsi
                0x000042b4                __aeabi_f2uiz
 .text          0x000042e4      0x324 c:/program files (x86)/atmel/studio/7.0/toolchain/arm/arm-gnu-toolchain/bin/../lib/gcc/arm-none-eabi/6.3.1/thumb/v6-m\libgcc.a(addsf3.o)
                0x000042e4                __aeabi_fadd
 .text          0x00004608      0x290 c:/program files (x86)/atmel/studio/7.0/toolchain/arm/arm-gnu-toolchain/bin/../lib/gcc/arm-none-eabi/6.3.1/thumb/v6-m\libgcc.a(divsf3.o)
                0x00004608                __aeabi_fdiv
 .text          0x00004898      0x240 c:/program files (x86)/atmel/studio/7.0/toolchain/arm/arm-gnu-toolchain/bin/../lib/gcc/arm-none-eabi/6.3.1/thumb/v6-m\libgcc.a(mulsf3.o)
                0x00004898                __aeabi_fmul
 .text          0x00004ad8      0x338 c:/program files (x86)/atmel/studio/7.0/toolchain/arm/arm-gnu-toolchain/bin/../lib/gcc/arm-none-eabi/6.3.1/thumb/v6-m\libgcc.a(subsf3.o)
                0x00004ad8                __aeabi_fsub
 .text          0x00004e10       0x40 c:/program files (x86)/atmel/studio/7.0/toolchain/arm/arm-gnu-toolchain/bin/../lib/gcc/arm-none-eabi/6.3.1/thumb/v6-m\libgcc.a(fixsfsi.o)
                0x00004e10                __aeabi_f2iz
 .text          0x00004e50       0xa0 c:/program files (x86)/atmel/studio/7.0/toolchain/arm/arm-gnu-toolchain/bin/../lib/gcc/arm-none-eabi/6.3.1/thumb/v6-m\libgcc.a(floatsisf.o)
                0x00004e50                __aeabi_i2f
 .text          0x00004ef0      0x668 c:/program files (x86)/atmel/studio/7.0/toolchain/arm/arm-gnu-toolchain/bin/../lib/gcc/arm-none-eabi/6.3.1/thumb/v6-m\libgcc.a(divdf3.o)
                0x00004ef0                __aeabi_ddiv
 .text          0x00005558      0x500 c:/program files (x86)/atmel/studio/7.0/toolchain/arm/arm-gnu-toolchain/bin/../lib/gcc/arm-none-eabi/6.3.1/thumb/v6-m\libgcc.a(muldf3.o)
                0x00005558                __aeabi_dmul
 .text          0x00005a58       0x84 c:/program files (x86)/atmel/studio/7.0/toolchain/arm/arm-gnu-toolchain/bin/../lib/gcc/arm-none-eabi/6.3.1/thumb/v6-m\libgcc.a(floatsidf.o)
                0x00005a58                __aeabi_i2d
 .text          0x00005adc       0xa4 c:/program files (x86)/atmel/studio/7.0/toolchain/arm/arm-gnu-toolchain/bin/../lib/gcc/arm-none-eabi/6.3.1/thumb/v6-m\libgcc.a(extendsfdf2.o)
                0x00005adc                __aeabi_f2d
 .text          0x00005b80      0x114 c:/program files (x86)/atmel/studio/7.0/toolchain/arm/arm-gnu-toolchain/bin/../lib/gcc/arm-none-eabi/6.3.1/thumb/v6-m\libgcc.a(truncdfsf2.o)
                0x00005b80                __aeabi_d2f
 .text          0x00005c94       0x74 c:/program files (x86)/atmel/studio/7.0/toolchain/arm/arm-gnu-toolchain/bin/../lib/gcc/arm-none-eabi/6.3.1/thumb/v6-m\libgcc.a(_arm_cmpsf2.o)
                0x00005c94                __aeabi_cfrcmple
                0x00005c9c                __aeabi_cfcmpeq
                0x00005c9c                __aeabi_cfcmple
                0x00005cac                __aeabi_fcmpeq
                0x00005cb8                __aeabi_fcmplt
                0x00005ccc                __aeabi_fcmple
                0x00005ce0                __aeabi_fcmpgt
                0x00005cf4                __aeabi_fcmpge
 .text          0x00005d08       0x3c c:/program files (x86)/atmel/studio/7.0/toolchain/arm/arm-gnu-toolchain/bin/../lib/gcc/arm-none-eabi/6.3.1/thumb/v6-m\libgcc.a(_clzsi2.o)
                0x00005d08                __clzsi2
 .text          0x00005d44       0x4c c:/program files (x86)/atmel/studio/7.0/toolchain/arm/arm-gnu-toolchain/bin/../lib/gcc/arm-none-eabi/6.3.1/thumb/v6-m\libgcc.a(eqsf2.o)
                0x00005d44                __eqsf2
                0x00005d44                __nesf2
 .text          0x00005d90       0x80 c:/program files (x86)/atmel/studio/7.0/toolchain/arm/arm-gnu-toolchain/bin/../lib/gcc/arm-none-eabi/6.3.1/thumb/v6-m\libgcc.a(gesf2.o)
                0x00005d90                __gesf2
                0x00005d90                __gtsf2
 .text          0x00005e10       0x84 c:/program files (x86)/atmel/studio/7.0/toolchain/arm/arm-gnu-toolchain/bin/../lib/gcc/arm-none-eabi/6.3.1/thumb/v6-m\libgcc.a(lesf2.o)
                0x00005e10                __ltsf2
                0x00005e10                __lesf2
 .text.__libc_init_array
                0x00005e94       0x48 c:/program files (x86)/atmel/studio/7.0/toolchain/arm/arm-gnu-toolchain/bin/../lib/gcc/arm-none-eabi/6.3.1/../../../../arm-none-eabi/lib/thumb/v6-m\libc_nano.a(lib_a-init.o)
                0x00005e94                __libc_init_array
 .text.memcpy   0x00005edc       0x12 c:/program files (x86)/atmel/studio/7.0/toolchain/arm/arm-gnu-toolchain/bin/../lib/gcc/arm-none-eabi/6.3.1/../../../../arm-none-eabi/lib/thumb/v6-m\libc_nano.a(lib_a-memcpy-stub.o)
                0x00005edc                memcpy
 *(.glue_7t)
 .glue_7t       0x00005eee        0x0 linker stubs
 *(.glue_7)
 .glue_7        0x00005eee        0x0 linker stubs
 *(.rodata .rodata* .gnu.linkonce.r.*)
 *fill*         0x00005eee        0x2 
 .rodata.system_apb_clock_set_mask
                0x00005ef0       0x14 src/ASF/sam0/drivers/adc/adc_sam_l_c/adc.o
 .rodata        0x00005f04       0x60 src/ASF/sam0/drivers/adc/adc_sam_l_c/adc.o
 .rodata._adc_set_config
                0x00005f64       0xd4 src/ASF/sam0/drivers/adc/adc_sam_l_c/adc.o
 .rodata        0x00006038       0x18 src/ASF/sam0/drivers/sercom/sercom.o
 .rodata        0x00006050        0x6 src/ASF/sam0/drivers/sercom/sercom_interrupt.o
 *fill*         0x00006056        0x2 
 .rodata.system_apb_clock_set_mask
                0x00006058       0x14 src/ASF/sam0/drivers/sercom/usart/usart.o
 .rodata.system_clock_source_get_hz
                0x0000606c       0x24 src/ASF/sam0/drivers/system/clock/clock_saml21/clock.o
 .rodata.system_apb_clock_set_mask
                0x00006090       0x14 src/ASF/sam0/drivers/tcc/tcc.o
 .rodata.tcc_modules
                0x000060a4        0xc src/ASF/sam0/drivers/tcc/tcc.o
                0x000060a4                tcc_modules
 .rodata._tcc_gclk_ids
                0x000060b0        0x3 src/ASF/sam0/drivers/tcc/tcc.o
                0x000060b0                _tcc_gclk_ids
 *fill*         0x000060b3        0x1 
 .rodata._tcc_apbcmasks
                0x000060b4        0xc src/ASF/sam0/drivers/tcc/tcc.o
                0x000060b4                _tcc_apbcmasks
 .rodata._tcc_maxs
                0x000060c0        0xc src/ASF/sam0/drivers/tcc/tcc.o
                0x000060c0                _tcc_maxs
 .rodata._tcc_cc_nums
                0x000060cc        0x3 src/ASF/sam0/drivers/tcc/tcc.o
                0x000060cc                _tcc_cc_nums
 *fill*         0x000060cf        0x1 
 .rodata._tcc_ow_nums
                0x000060d0        0x3 src/ASF/sam0/drivers/tcc/tcc.o
                0x000060d0                _tcc_ow_nums
 *fill*         0x000060d3        0x1 
 .rodata        0x000060d4       0x80 c:/program files (x86)/atmel/studio/7.0/toolchain/arm/arm-gnu-toolchain/bin/../lib/gcc/arm-none-eabi/6.3.1/thumb/v6-m\libgcc.a(divsf3.o)
 .rodata        0x00006154       0x40 c:/program files (x86)/atmel/studio/7.0/toolchain/arm/arm-gnu-toolchain/bin/../lib/gcc/arm-none-eabi/6.3.1/thumb/v6-m\libgcc.a(mulsf3.o)
 .rodata        0x00006194       0x40 c:/program files (x86)/atmel/studio/7.0/toolchain/arm/arm-gnu-toolchain/bin/../lib/gcc/arm-none-eabi/6.3.1/thumb/v6-m\libgcc.a(divdf3.o)
 .rodata        0x000061d4       0x40 c:/program files (x86)/atmel/studio/7.0/toolchain/arm/arm-gnu-toolchain/bin/../lib/gcc/arm-none-eabi/6.3.1/thumb/v6-m\libgcc.a(muldf3.o)
 *(.ARM.extab* .gnu.linkonce.armextab.*)
                0x00006214                . = ALIGN (0x4)
 *(.init)
 .init          0x00006214        0x4 c:/program files (x86)/atmel/studio/7.0/toolchain/arm/arm-gnu-toolchain/bin/../lib/gcc/arm-none-eabi/6.3.1/thumb/v6-m/crti.o
                0x00006214                _init
 .init          0x00006218        0x8 c:/program files (x86)/atmel/studio/7.0/toolchain/arm/arm-gnu-toolchain/bin/../lib/gcc/arm-none-eabi/6.3.1/thumb/v6-m/crtn.o
                0x00006220                . = ALIGN (0x4)
                0x00006220                __preinit_array_start = .
 *(.preinit_array)
                0x00006220                __preinit_array_end = .
                0x00006220                . = ALIGN (0x4)
                0x00006220                __init_array_start = .
 *(SORT(.init_array.*))
 *(.init_array)
 .init_array    0x00006220        0x4 c:/program files (x86)/atmel/studio/7.0/toolchain/arm/arm-gnu-toolchain/bin/../lib/gcc/arm-none-eabi/6.3.1/thumb/v6-m/crtbegin.o
                0x00006224                __init_array_end = .
                0x00006224                . = ALIGN (0x4)
 *crtbegin.o(.ctors)
 *(EXCLUDE_FILE(*crtend.o) .ctors)
 *(SORT(.ctors.*))
 *crtend.o(.ctors)
                0x00006224                . = ALIGN (0x4)
 *(.fini)
 .fini          0x00006224        0x4 c:/program files (x86)/atmel/studio/7.0/toolchain/arm/arm-gnu-toolchain/bin/../lib/gcc/arm-none-eabi/6.3.1/thumb/v6-m/crti.o
                0x00006224                _fini
 .fini          0x00006228        0x8 c:/program files (x86)/atmel/studio/7.0/toolchain/arm/arm-gnu-toolchain/bin/../lib/gcc/arm-none-eabi/6.3.1/thumb/v6-m/crtn.o
                0x00006230                . = ALIGN (0x4)
                0x00006230                __fini_array_start = .
 *(.fini_array)
 .fini_array    0x00006230        0x4 c:/program files (x86)/atmel/studio/7.0/toolchain/arm/arm-gnu-toolchain/bin/../lib/gcc/arm-none-eabi/6.3.1/thumb/v6-m/crtbegin.o
 *(SORT(.fini_array.*))
                0x00006234                __fini_array_end = .
 *crtbegin.o(.dtors)
 *(EXCLUDE_FILE(*crtend.o) .dtors)
 *(SORT(.dtors.*))
 *crtend.o(.dtors)
                0x00006234                . = ALIGN (0x4)
                0x00006234                _efixed = .
                [!provide]                PROVIDE (__exidx_start, .)

.vfp11_veneer   0x00006234        0x0
 .vfp11_veneer  0x00006234        0x0 linker stubs

.v4_bx          0x00006234        0x0
 .v4_bx         0x00006234        0x0 linker stubs

.iplt           0x00006234        0x0
 .iplt          0x00006234        0x0 c:/program files (x86)/atmel/studio/7.0/toolchain/arm/arm-gnu-toolchain/bin/../lib/gcc/arm-none-eabi/6.3.1/thumb/v6-m/crtbegin.o

.eh_frame       0x00006234        0x0
 .eh_frame      0x00006234        0x0 c:/program files (x86)/atmel/studio/7.0/toolchain/arm/arm-gnu-toolchain/bin/../lib/gcc/arm-none-eabi/6.3.1/thumb/v6-m/crtbegin.o

.rel.dyn        0x00006234        0x0
 .rel.iplt      0x00006234        0x0 c:/program files (x86)/atmel/studio/7.0/toolchain/arm/arm-gnu-toolchain/bin/../lib/gcc/arm-none-eabi/6.3.1/thumb/v6-m/crtbegin.o

.jcr            0x00006234        0x0
 .jcr           0x00006234        0x0 c:/program files (x86)/atmel/studio/7.0/toolchain/arm/arm-gnu-toolchain/bin/../lib/gcc/arm-none-eabi/6.3.1/thumb/v6-m/crtbegin.o

.igot.plt       0x00006234        0x0
 .igot.plt      0x00006234        0x0 c:/program files (x86)/atmel/studio/7.0/toolchain/arm/arm-gnu-toolchain/bin/../lib/gcc/arm-none-eabi/6.3.1/thumb/v6-m/crtbegin.o

.ARM.exidx
 *(.ARM.exidx* .gnu.linkonce.armexidx.*)
                [!provide]                PROVIDE (__exidx_end, .)
                0x00006234                . = ALIGN (0x4)
                0x00006234                _etext = .

.relocate       0x20000000       0x14 load address 0x00006234
                0x20000000                . = ALIGN (0x4)
                0x20000000                _srelocate = .
 *(.ramfunc .ramfunc.*)
 *(.data .data.*)
 .data.g_interrupt_enabled
                0x20000000        0x1 src/ASF/common/utils/interrupt/interrupt_sam_nvic.o
                0x20000000                g_interrupt_enabled
 *fill*         0x20000001        0x3 
 .data._dma_inst
                0x20000004        0xc src/ASF/sam0/drivers/dma/dma.o
                0x20000004                _dma_inst
 .data.g_enable_output
                0x20000010        0x1 src/main.o
                0x20000010                g_enable_output
 .data.g_pwm_period
                0x20000011        0x1 src/main.o
                0x20000011                g_pwm_period
                0x20000014                . = ALIGN (0x4)
 *fill*         0x20000012        0x2 
                0x20000014                _erelocate = .

.lpram          0x30000000       0xa0
                0x30000000                . = ALIGN (0x8)
                0x30000000                _slpram = .
 *(.lpram .lpram.*)
 .lpram         0x30000000       0xa0 src/ASF/sam0/drivers/dma/dma.o
                0x30000000                descriptor_section
                0x300000a0                . = ALIGN (0x8)
                0x300000a0                _elpram = .

.bss            0x20000020      0x13c load address 0x00006260
                0x20000020                . = ALIGN (0x4)
                0x20000020                _sbss = .
                0x20000020                _szero = .
 *(.bss .bss.*)
 .bss           0x20000020       0x1c c:/program files (x86)/atmel/studio/7.0/toolchain/arm/arm-gnu-toolchain/bin/../lib/gcc/arm-none-eabi/6.3.1/thumb/v6-m/crtbegin.o
 .bss.cpu_irq_critical_section_counter
                0x2000003c        0x4 src/ASF/common/utils/interrupt/interrupt_sam_nvic.o
 .bss.cpu_irq_prev_interrupt_state
                0x20000040        0x1 src/ASF/common/utils/interrupt/interrupt_sam_nvic.o
 *fill*         0x20000041        0x3 
 .bss._dma_active_resource
                0x20000044       0x14 src/ASF/sam0/drivers/dma/dma.o
 .bss.g_chan_interrupt_flag
                0x20000058        0x5 src/ASF/sam0/drivers/dma/dma.o
                0x20000058                g_chan_interrupt_flag
 *fill*         0x2000005d        0x3 
 .bss._sercom_config
                0x20000060        0x2 src/ASF/sam0/drivers/sercom/sercom.o
 .bss._handler_table_initialized
                0x20000062        0x1 src/ASF/sam0/drivers/sercom/sercom_interrupt.o
 *fill*         0x20000063        0x1 
 .bss._sercom_interrupt_handlers
                0x20000064       0x18 src/ASF/sam0/drivers/sercom/sercom_interrupt.o
 .bss._system_clock_inst
                0x2000007c       0x18 src/ASF/sam0/drivers/system/clock/clock_saml21/clock.o
 .bss.input_buffer
                0x20000094        0x2 src/main.o
 *fill*         0x20000096        0x2 
 .bss.output_buffer
                0x20000098        0x4 src/main.o
 .bss.g_data_valid
                0x2000009c        0x1 src/main.o
                0x2000009c                g_data_valid
 *(COMMON)
 *fill*         0x2000009d        0x3 
 COMMON         0x200000a0       0x18 src/ASF/sam0/drivers/sercom/sercom_interrupt.o
                0x200000a0                _sercom_instances
 *fill*         0x200000b8        0x8 
 COMMON         0x200000c0       0x9c src/main.o
                0x200000c0                usart_instance
                0x20000100                example_descriptor_rx
                0x20000110                usart_dma_resource_tx
                0x20000130                example_descriptor_tx
                0x20000140                usart_dma_resource_rx
                0x2000015c                . = ALIGN (0x4)
                0x2000015c                _ebss = .
                0x2000015c                _ezero = .

.stack          0x2000015c     0x2004 load address 0x0000639c
                0x20000160                . = ALIGN (0x8)
 *fill*         0x2000015c        0x4 
                0x20000160                _sstack = .
                0x20002160                . = (. + STACK_SIZE)
 *fill*         0x20000160     0x2000 
                0x20002160                . = ALIGN (0x8)
                0x20002160                _estack = .
                0x20002160                . = ALIGN (0x4)
                0x20002160                _end = .
OUTPUT(Adaptive_D_14.02.21_works.elf elf32-littlearm)

.ARM.attributes
                0x00000000       0x28
 .ARM.attributes
                0x00000000       0x1e c:/program files (x86)/atmel/studio/7.0/toolchain/arm/arm-gnu-toolchain/bin/../lib/gcc/arm-none-eabi/6.3.1/thumb/v6-m/crti.o
 .ARM.attributes
                0x0000001e       0x2c c:/program files (x86)/atmel/studio/7.0/toolchain/arm/arm-gnu-toolchain/bin/../lib/gcc/arm-none-eabi/6.3.1/thumb/v6-m/crtbegin.o
 .ARM.attributes
                0x0000004a       0x32 src/ASF/common/utils/interrupt/interrupt_sam_nvic.o
 .ARM.attributes
                0x0000007c       0x32 src/ASF/sam0/drivers/adc/adc_sam_l_c/adc.o
 .ARM.attributes
                0x000000ae       0x32 src/ASF/sam0/drivers/dma/dma.o
 .ARM.attributes
                0x000000e0       0x32 src/ASF/sam0/drivers/port/port.o
 .ARM.attributes
                0x00000112       0x32 src/ASF/sam0/drivers/sercom/sercom.o
 .ARM.attributes
                0x00000144       0x32 src/ASF/sam0/drivers/sercom/sercom_interrupt.o
 .ARM.attributes
                0x00000176       0x32 src/ASF/sam0/drivers/sercom/usart/usart.o
 .ARM.attributes
                0x000001a8       0x32 src/ASF/sam0/drivers/sercom/usart/usart_interrupt.o
 .ARM.attributes
                0x000001da       0x32 src/ASF/sam0/drivers/system/clock/clock_saml21/clock.o
 .ARM.attributes
                0x0000020c       0x32 src/ASF/sam0/drivers/system/clock/clock_saml21/gclk.o
 .ARM.attributes
                0x0000023e       0x32 src/ASF/sam0/drivers/system/pinmux/pinmux.o
 .ARM.attributes
                0x00000270       0x32 src/ASF/sam0/drivers/tcc/tcc.o
 .ARM.attributes
                0x000002a2       0x32 src/ASF/sam0/utils/cmsis/saml21/source/gcc/startup_saml21.o
 .ARM.attributes
                0x000002d4       0x32 src/main.o
 .ARM.attributes
                0x00000306       0x1e c:/program files (x86)/atmel/studio/7.0/toolchain/arm/arm-gnu-toolchain/bin/../lib/gcc/arm-none-eabi/6.3.1/thumb/v6-m\libgcc.a(_udivsi3.o)
 .ARM.attributes
                0x00000324       0x1e c:/program files (x86)/atmel/studio/7.0/toolchain/arm/arm-gnu-toolchain/bin/../lib/gcc/arm-none-eabi/6.3.1/thumb/v6-m\libgcc.a(_dvmd_tls.o)
 .ARM.attributes
                0x00000342       0x2c c:/program files (x86)/atmel/studio/7.0/toolchain/arm/arm-gnu-toolchain/bin/../lib/gcc/arm-none-eabi/6.3.1/thumb/v6-m\libgcc.a(_muldi3.o)
 .ARM.attributes
                0x0000036e       0x2c c:/program files (x86)/atmel/studio/7.0/toolchain/arm/arm-gnu-toolchain/bin/../lib/gcc/arm-none-eabi/6.3.1/thumb/v6-m\libgcc.a(_fixunssfsi.o)
 .ARM.attributes
                0x0000039a       0x2c c:/program files (x86)/atmel/studio/7.0/toolchain/arm/arm-gnu-toolchain/bin/../lib/gcc/arm-none-eabi/6.3.1/thumb/v6-m\libgcc.a(addsf3.o)
 .ARM.attributes
                0x000003c6       0x2c c:/program files (x86)/atmel/studio/7.0/toolchain/arm/arm-gnu-toolchain/bin/../lib/gcc/arm-none-eabi/6.3.1/thumb/v6-m\libgcc.a(divsf3.o)
 .ARM.attributes
                0x000003f2       0x2c c:/program files (x86)/atmel/studio/7.0/toolchain/arm/arm-gnu-toolchain/bin/../lib/gcc/arm-none-eabi/6.3.1/thumb/v6-m\libgcc.a(mulsf3.o)
 .ARM.attributes
                0x0000041e       0x2c c:/program files (x86)/atmel/studio/7.0/toolchain/arm/arm-gnu-toolchain/bin/../lib/gcc/arm-none-eabi/6.3.1/thumb/v6-m\libgcc.a(subsf3.o)
 .ARM.attributes
                0x0000044a       0x2c c:/program files (x86)/atmel/studio/7.0/toolchain/arm/arm-gnu-toolchain/bin/../lib/gcc/arm-none-eabi/6.3.1/thumb/v6-m\libgcc.a(fixsfsi.o)
 .ARM.attributes
                0x00000476       0x2c c:/program files (x86)/atmel/studio/7.0/toolchain/arm/arm-gnu-toolchain/bin/../lib/gcc/arm-none-eabi/6.3.1/thumb/v6-m\libgcc.a(floatsisf.o)
 .ARM.attributes
                0x000004a2       0x2c c:/program files (x86)/atmel/studio/7.0/toolchain/arm/arm-gnu-toolchain/bin/../lib/gcc/arm-none-eabi/6.3.1/thumb/v6-m\libgcc.a(divdf3.o)
 .ARM.attributes
                0x000004ce       0x2c c:/program files (x86)/atmel/studio/7.0/toolchain/arm/arm-gnu-toolchain/bin/../lib/gcc/arm-none-eabi/6.3.1/thumb/v6-m\libgcc.a(muldf3.o)
 .ARM.attributes
                0x000004fa       0x2c c:/program files (x86)/atmel/studio/7.0/toolchain/arm/arm-gnu-toolchain/bin/../lib/gcc/arm-none-eabi/6.3.1/thumb/v6-m\libgcc.a(floatsidf.o)
 .ARM.attributes
                0x00000526       0x2c c:/program files (x86)/atmel/studio/7.0/toolchain/arm/arm-gnu-toolchain/bin/../lib/gcc/arm-none-eabi/6.3.1/thumb/v6-m\libgcc.a(extendsfdf2.o)
 .ARM.attributes
                0x00000552       0x2c c:/program files (x86)/atmel/studio/7.0/toolchain/arm/arm-gnu-toolchain/bin/../lib/gcc/arm-none-eabi/6.3.1/thumb/v6-m\libgcc.a(truncdfsf2.o)
 .ARM.attributes
                0x0000057e       0x1e c:/program files (x86)/atmel/studio/7.0/toolchain/arm/arm-gnu-toolchain/bin/../lib/gcc/arm-none-eabi/6.3.1/thumb/v6-m\libgcc.a(_arm_cmpsf2.o)
 .ARM.attributes
                0x0000059c       0x1e c:/program files (x86)/atmel/studio/7.0/toolchain/arm/arm-gnu-toolchain/bin/../lib/gcc/arm-none-eabi/6.3.1/thumb/v6-m\libgcc.a(_clzsi2.o)
 .ARM.attributes
                0x000005ba       0x2c c:/program files (x86)/atmel/studio/7.0/toolchain/arm/arm-gnu-toolchain/bin/../lib/gcc/arm-none-eabi/6.3.1/thumb/v6-m\libgcc.a(eqsf2.o)
 .ARM.attributes
                0x000005e6       0x2c c:/program files (x86)/atmel/studio/7.0/toolchain/arm/arm-gnu-toolchain/bin/../lib/gcc/arm-none-eabi/6.3.1/thumb/v6-m\libgcc.a(gesf2.o)
 .ARM.attributes
                0x00000612       0x2c c:/program files (x86)/atmel/studio/7.0/toolchain/arm/arm-gnu-toolchain/bin/../lib/gcc/arm-none-eabi/6.3.1/thumb/v6-m\libgcc.a(lesf2.o)
 .ARM.attributes
                0x0000063e       0x2c c:/program files (x86)/atmel/studio/7.0/toolchain/arm/arm-gnu-toolchain/bin/../lib/gcc/arm-none-eabi/6.3.1/../../../../arm-none-eabi/lib/thumb/v6-m\libc_nano.a(lib_a-init.o)
 .ARM.attributes
                0x0000066a       0x2c c:/program files (x86)/atmel/studio/7.0/toolchain/arm/arm-gnu-toolchain/bin/../lib/gcc/arm-none-eabi/6.3.1/../../../../arm-none-eabi/lib/thumb/v6-m\libc_nano.a(lib_a-memcpy-stub.o)
 .ARM.attributes
                0x00000696       0x1e c:/program files (x86)/atmel/studio/7.0/toolchain/arm/arm-gnu-toolchain/bin/../lib/gcc/arm-none-eabi/6.3.1/thumb/v6-m/crtn.o

.comment        0x00000000       0x59
 .comment       0x00000000       0x59 src/ASF/common/utils/interrupt/interrupt_sam_nvic.o
                                 0x5a (size before relaxing)
 .comment       0x00000059       0x5a src/ASF/sam0/drivers/adc/adc_sam_l_c/adc.o
 .comment       0x00000059       0x5a src/ASF/sam0/drivers/dma/dma.o
 .comment       0x00000059       0x5a src/ASF/sam0/drivers/port/port.o
 .comment       0x00000059       0x5a src/ASF/sam0/drivers/sercom/sercom.o
 .comment       0x00000059       0x5a src/ASF/sam0/drivers/sercom/sercom_interrupt.o
 .comment       0x00000059       0x5a src/ASF/sam0/drivers/sercom/usart/usart.o
 .comment       0x00000059       0x5a src/ASF/sam0/drivers/sercom/usart/usart_interrupt.o
 .comment       0x00000059       0x5a src/ASF/sam0/drivers/system/clock/clock_saml21/clock.o
 .comment       0x00000059       0x5a src/ASF/sam0/drivers/system/clock/clock_saml21/gclk.o
 .comment       0x00000059       0x5a src/ASF/sam0/drivers/system/pinmux/pinmux.o
 .comment       0x00000059       0x5a src/ASF/sam0/drivers/tcc/tcc.o
 .comment       0x00000059       0x5a src/ASF/sam0/utils/cmsis/saml21/source/gcc/startup_saml21.o
 .comment       0x00000059       0x5a src/main.o

.debug_info     0x00000000    0x2acf1
 .debug_info    0x00000000      0xb0a src/ASF/common/utils/interrupt/interrupt_sam_nvic.o
 .debug_info    0x00000b0a     0x326a src/ASF/sam0/drivers/adc/adc_sam_l_c/adc.o
 .debug_info    0x00003d74     0x3320 src/ASF/sam0/drivers/dma/dma.o
 .debug_info    0x00007094     0x1377 src/ASF/sam0/drivers/port/port.o
 .debug_info    0x0000840b     0x2db8 src/ASF/sam0/drivers/sercom/sercom.o
 .debug_info    0x0000b1c3     0x2b9d src/ASF/sam0/drivers/sercom/sercom_interrupt.o
 .debug_info    0x0000dd60     0x4929 src/ASF/sam0/drivers/sercom/usart/usart.o
 .debug_info    0x00012689     0x2f4c src/ASF/sam0/drivers/sercom/usart/usart_interrupt.o
 .debug_info    0x000155d5     0x427b src/ASF/sam0/drivers/system/clock/clock_saml21/clock.o
 .debug_info    0x00019850     0x1c11 src/ASF/sam0/drivers/system/clock/clock_saml21/gclk.o
 .debug_info    0x0001b461     0x14b9 src/ASF/sam0/drivers/system/pinmux/pinmux.o
 .debug_info    0x0001c91a     0x4713 src/ASF/sam0/drivers/tcc/tcc.o
 .debug_info    0x0002102d      0xa2b src/ASF/sam0/utils/cmsis/saml21/source/gcc/startup_saml21.o
 .debug_info    0x00021a58     0x9299 src/main.o

.debug_abbrev   0x00000000     0x2b6f
 .debug_abbrev  0x00000000      0x23d src/ASF/common/utils/interrupt/interrupt_sam_nvic.o
 .debug_abbrev  0x0000023d      0x38a src/ASF/sam0/drivers/adc/adc_sam_l_c/adc.o
 .debug_abbrev  0x000005c7      0x375 src/ASF/sam0/drivers/dma/dma.o
 .debug_abbrev  0x0000093c      0x27b src/ASF/sam0/drivers/port/port.o
 .debug_abbrev  0x00000bb7      0x30e src/ASF/sam0/drivers/sercom/sercom.o
 .debug_abbrev  0x00000ec5      0x2bf src/ASF/sam0/drivers/sercom/sercom_interrupt.o
 .debug_abbrev  0x00001184      0x38f src/ASF/sam0/drivers/sercom/usart/usart.o
 .debug_abbrev  0x00001513      0x344 src/ASF/sam0/drivers/sercom/usart/usart_interrupt.o
 .debug_abbrev  0x00001857      0x3b6 src/ASF/sam0/drivers/system/clock/clock_saml21/clock.o
 .debug_abbrev  0x00001c0d      0x37c src/ASF/sam0/drivers/system/clock/clock_saml21/gclk.o
 .debug_abbrev  0x00001f89      0x2d7 src/ASF/sam0/drivers/system/pinmux/pinmux.o
 .debug_abbrev  0x00002260      0x3a0 src/ASF/sam0/drivers/tcc/tcc.o
 .debug_abbrev  0x00002600      0x1d7 src/ASF/sam0/utils/cmsis/saml21/source/gcc/startup_saml21.o
 .debug_abbrev  0x000027d7      0x398 src/main.o

.debug_loc      0x00000000     0x2755
 .debug_loc     0x00000000       0x64 src/ASF/common/utils/interrupt/interrupt_sam_nvic.o
 .debug_loc     0x00000064      0x26a src/ASF/sam0/drivers/adc/adc_sam_l_c/adc.o
 .debug_loc     0x000002ce      0x3d8 src/ASF/sam0/drivers/dma/dma.o
 .debug_loc     0x000006a6       0xa8 src/ASF/sam0/drivers/port/port.o
 .debug_loc     0x0000074e      0x18c src/ASF/sam0/drivers/sercom/sercom.o
 .debug_loc     0x000008da      0x1b0 src/ASF/sam0/drivers/sercom/sercom_interrupt.o
 .debug_loc     0x00000a8a      0x297 src/ASF/sam0/drivers/sercom/usart/usart.o
 .debug_loc     0x00000d21      0x330 src/ASF/sam0/drivers/sercom/usart/usart_interrupt.o
 .debug_loc     0x00001051      0x512 src/ASF/sam0/drivers/system/clock/clock_saml21/clock.o
 .debug_loc     0x00001563      0x394 src/ASF/sam0/drivers/system/clock/clock_saml21/gclk.o
 .debug_loc     0x000018f7      0x150 src/ASF/sam0/drivers/system/pinmux/pinmux.o
 .debug_loc     0x00001a47      0x5ea src/ASF/sam0/drivers/tcc/tcc.o
 .debug_loc     0x00002031       0x64 src/ASF/sam0/utils/cmsis/saml21/source/gcc/startup_saml21.o
 .debug_loc     0x00002095      0x6c0 src/main.o

.debug_aranges  0x00000000      0x710
 .debug_aranges
                0x00000000       0x28 src/ASF/common/utils/interrupt/interrupt_sam_nvic.o
 .debug_aranges
                0x00000028       0x70 src/ASF/sam0/drivers/adc/adc_sam_l_c/adc.o
 .debug_aranges
                0x00000098       0xa8 src/ASF/sam0/drivers/dma/dma.o
 .debug_aranges
                0x00000140       0x30 src/ASF/sam0/drivers/port/port.o
 .debug_aranges
                0x00000170       0x50 src/ASF/sam0/drivers/sercom/sercom.o
 .debug_aranges
                0x000001c0       0x60 src/ASF/sam0/drivers/sercom/sercom_interrupt.o
 .debug_aranges
                0x00000220       0x78 src/ASF/sam0/drivers/sercom/usart/usart.o
 .debug_aranges
                0x00000298       0x90 src/ASF/sam0/drivers/sercom/usart/usart_interrupt.o
 .debug_aranges
                0x00000328       0xd8 src/ASF/sam0/drivers/system/clock/clock_saml21/clock.o
 .debug_aranges
                0x00000400       0xa0 src/ASF/sam0/drivers/system/clock/clock_saml21/gclk.o
 .debug_aranges
                0x000004a0       0x48 src/ASF/sam0/drivers/system/pinmux/pinmux.o
 .debug_aranges
                0x000004e8       0xf0 src/ASF/sam0/drivers/tcc/tcc.o
 .debug_aranges
                0x000005d8       0x28 src/ASF/sam0/utils/cmsis/saml21/source/gcc/startup_saml21.o
 .debug_aranges
                0x00000600      0x110 src/main.o

.debug_ranges   0x00000000      0x630
 .debug_ranges  0x00000000       0x18 src/ASF/common/utils/interrupt/interrupt_sam_nvic.o
 .debug_ranges  0x00000018       0x60 src/ASF/sam0/drivers/adc/adc_sam_l_c/adc.o
 .debug_ranges  0x00000078       0x98 src/ASF/sam0/drivers/dma/dma.o
 .debug_ranges  0x00000110       0x20 src/ASF/sam0/drivers/port/port.o
 .debug_ranges  0x00000130       0x40 src/ASF/sam0/drivers/sercom/sercom.o
 .debug_ranges  0x00000170       0x50 src/ASF/sam0/drivers/sercom/sercom_interrupt.o
 .debug_ranges  0x000001c0       0x68 src/ASF/sam0/drivers/sercom/usart/usart.o
 .debug_ranges  0x00000228       0x80 src/ASF/sam0/drivers/sercom/usart/usart_interrupt.o
 .debug_ranges  0x000002a8       0xc8 src/ASF/sam0/drivers/system/clock/clock_saml21/clock.o
 .debug_ranges  0x00000370       0x90 src/ASF/sam0/drivers/system/clock/clock_saml21/gclk.o
 .debug_ranges  0x00000400       0x38 src/ASF/sam0/drivers/system/pinmux/pinmux.o
 .debug_ranges  0x00000438       0xe0 src/ASF/sam0/drivers/tcc/tcc.o
 .debug_ranges  0x00000518       0x18 src/ASF/sam0/utils/cmsis/saml21/source/gcc/startup_saml21.o
 .debug_ranges  0x00000530      0x100 src/main.o

.debug_macro    0x00000000     0x5e92
 .debug_macro   0x00000000      0x597 src/ASF/common/utils/interrupt/interrupt_sam_nvic.o
 .debug_macro   0x00000597      0x604 src/ASF/sam0/drivers/adc/adc_sam_l_c/adc.o
 .debug_macro   0x00000b9b       0x19 src/ASF/sam0/drivers/adc/adc_sam_l_c/adc.o
 .debug_macro   0x00000bb4      0x616 src/ASF/sam0/drivers/dma/dma.o
 .debug_macro   0x000011ca       0x52 src/ASF/sam0/drivers/dma/dma.o
 .debug_macro   0x0000121c       0x8d src/ASF/sam0/drivers/dma/dma.o
 .debug_macro   0x000012a9       0x57 src/ASF/sam0/drivers/dma/dma.o
 .debug_macro   0x00001300      0x353 src/ASF/sam0/drivers/dma/dma.o
 .debug_macro   0x00001653       0x10 src/ASF/sam0/drivers/dma/dma.o
 .debug_macro   0x00001663       0xaf src/ASF/sam0/drivers/dma/dma.o
 .debug_macro   0x00001712       0x1c src/ASF/sam0/drivers/dma/dma.o
 .debug_macro   0x0000172e       0x10 src/ASF/sam0/drivers/dma/dma.o
 .debug_macro   0x0000173e       0x12 src/ASF/sam0/drivers/dma/dma.o
 .debug_macro   0x00001750       0x2e src/ASF/sam0/drivers/dma/dma.o
 .debug_macro   0x0000177e      0x5b1 src/ASF/sam0/drivers/port/port.o
 .debug_macro   0x00001d2f      0x62d src/ASF/sam0/drivers/sercom/sercom.o
 .debug_macro   0x0000235c       0xb2 src/ASF/sam0/drivers/sercom/sercom.o
 .debug_macro   0x0000240e       0x10 src/ASF/sam0/drivers/sercom/sercom.o
 .debug_macro   0x0000241e      0x62b src/ASF/sam0/drivers/sercom/sercom_interrupt.o
 .debug_macro   0x00002a49      0x641 src/ASF/sam0/drivers/sercom/usart/usart.o
 .debug_macro   0x0000308a       0x51 src/ASF/sam0/drivers/sercom/usart/usart.o
 .debug_macro   0x000030db      0x642 src/ASF/sam0/drivers/sercom/usart/usart_interrupt.o
 .debug_macro   0x0000371d      0x603 src/ASF/sam0/drivers/system/clock/clock_saml21/clock.o
 .debug_macro   0x00003d20      0x29b src/ASF/sam0/drivers/system/clock/clock_saml21/clock.o
 .debug_macro   0x00003fbb      0x5cf src/ASF/sam0/drivers/system/clock/clock_saml21/gclk.o
 .debug_macro   0x0000458a      0x5a7 src/ASF/sam0/drivers/system/pinmux/pinmux.o
 .debug_macro   0x00004b31       0x12 src/ASF/sam0/drivers/system/pinmux/pinmux.o
 .debug_macro   0x00004b43      0x6b1 src/ASF/sam0/drivers/tcc/tcc.o
 .debug_macro   0x000051f4       0x90 src/ASF/sam0/drivers/tcc/tcc.o
 .debug_macro   0x00005284      0x37e src/ASF/sam0/utils/cmsis/saml21/source/gcc/startup_saml21.o
 .debug_macro   0x00005602       0x3a src/ASF/sam0/utils/cmsis/saml21/source/gcc/startup_saml21.o
 .debug_macro   0x0000563c      0x70c src/main.o
 .debug_macro   0x00005d48       0x10 src/main.o
 .debug_macro   0x00005d58       0x2e src/main.o
 .debug_macro   0x00005d86       0x1f src/main.o
 .debug_macro   0x00005da5       0x57 src/main.o
 .debug_macro   0x00005dfc       0x96 src/main.o

.debug_line     0x00000000     0xac71
 .debug_line    0x00000000      0x967 src/ASF/common/utils/interrupt/interrupt_sam_nvic.o
 .debug_line    0x00000967      0xd53 src/ASF/sam0/drivers/adc/adc_sam_l_c/adc.o
 .debug_line    0x000016ba      0xccd src/ASF/sam0/drivers/dma/dma.o
 .debug_line    0x00002387      0x99f src/ASF/sam0/drivers/port/port.o
 .debug_line    0x00002d26      0xca5 src/ASF/sam0/drivers/sercom/sercom.o
 .debug_line    0x000039cb      0xc08 src/ASF/sam0/drivers/sercom/sercom_interrupt.o
 .debug_line    0x000045d3      0xdeb src/ASF/sam0/drivers/sercom/usart/usart.o
 .debug_line    0x000053be      0xd50 src/ASF/sam0/drivers/sercom/usart/usart_interrupt.o
 .debug_line    0x0000610e      0xd80 src/ASF/sam0/drivers/system/clock/clock_saml21/clock.o
 .debug_line    0x00006e8e      0xc0a src/ASF/sam0/drivers/system/clock/clock_saml21/gclk.o
 .debug_line    0x00007a98      0xa11 src/ASF/sam0/drivers/system/pinmux/pinmux.o
 .debug_line    0x000084a9      0xf29 src/ASF/sam0/drivers/tcc/tcc.o
 .debug_line    0x000093d2      0x6f0 src/ASF/sam0/utils/cmsis/saml21/source/gcc/startup_saml21.o
 .debug_line    0x00009ac2     0x11af src/main.o

.debug_str      0x00000000    0xa0837
 .debug_str     0x00000000    0x919ed src/ASF/common/utils/interrupt/interrupt_sam_nvic.o
                              0x91f88 (size before relaxing)
 .debug_str     0x000919ed     0x1b22 src/ASF/sam0/drivers/adc/adc_sam_l_c/adc.o
                              0x93b84 (size before relaxing)
 .debug_str     0x0009350f     0x16ad src/ASF/sam0/drivers/dma/dma.o
                              0x93d1d (size before relaxing)
 .debug_str     0x00094bbc      0x329 src/ASF/sam0/drivers/port/port.o
                              0x9242c (size before relaxing)
 .debug_str     0x00094ee5      0xe7b src/ASF/sam0/drivers/sercom/sercom.o
                              0x9367a (size before relaxing)
 .debug_str     0x00095d60      0x1c7 src/ASF/sam0/drivers/sercom/sercom_interrupt.o
                              0x93516 (size before relaxing)
 .debug_str     0x00095f27      0xc9e src/ASF/sam0/drivers/sercom/usart/usart.o
                              0x944c9 (size before relaxing)
 .debug_str     0x00096bc5      0x18a src/ASF/sam0/drivers/sercom/usart/usart_interrupt.o
                              0x9362d (size before relaxing)
 .debug_str     0x00096d4f     0x29e5 src/ASF/sam0/drivers/system/clock/clock_saml21/clock.o
                              0x954d1 (size before relaxing)
 .debug_str     0x00099734      0x190 src/ASF/sam0/drivers/system/clock/clock_saml21/gclk.o
                              0x92c47 (size before relaxing)
 .debug_str     0x000998c4      0x1c1 src/ASF/sam0/drivers/system/pinmux/pinmux.o
                              0x92488 (size before relaxing)
 .debug_str     0x00099a85     0x259b src/ASF/sam0/drivers/tcc/tcc.o
                              0x95031 (size before relaxing)
 .debug_str     0x0009c020      0x3d1 src/ASF/sam0/utils/cmsis/saml21/source/gcc/startup_saml21.o
                              0x7c437 (size before relaxing)
 .debug_str     0x0009c3f1     0x4446 src/main.o
                              0x9b909 (size before relaxing)

.debug_frame    0x00000000     0x1b2c
 .debug_frame   0x00000000       0x4c src/ASF/common/utils/interrupt/interrupt_sam_nvic.o
 .debug_frame   0x0000004c      0x170 src/ASF/sam0/drivers/adc/adc_sam_l_c/adc.o
 .debug_frame   0x000001bc      0x248 src/ASF/sam0/drivers/dma/dma.o
 .debug_frame   0x00000404       0x70 src/ASF/sam0/drivers/port/port.o
 .debug_frame   0x00000474       0xf8 src/ASF/sam0/drivers/sercom/sercom.o
 .debug_frame   0x0000056c      0x118 src/ASF/sam0/drivers/sercom/sercom_interrupt.o
 .debug_frame   0x00000684      0x190 src/ASF/sam0/drivers/sercom/usart/usart.o
 .debug_frame   0x00000814      0x1e8 src/ASF/sam0/drivers/sercom/usart/usart_interrupt.o
 .debug_frame   0x000009fc      0x300 src/ASF/sam0/drivers/system/clock/clock_saml21/clock.o
 .debug_frame   0x00000cfc      0x224 src/ASF/sam0/drivers/system/clock/clock_saml21/gclk.o
 .debug_frame   0x00000f20       0xd0 src/ASF/sam0/drivers/system/pinmux/pinmux.o
 .debug_frame   0x00000ff0      0x374 src/ASF/sam0/drivers/tcc/tcc.o
 .debug_frame   0x00001364       0x4c src/ASF/sam0/utils/cmsis/saml21/source/gcc/startup_saml21.o
 .debug_frame   0x000013b0      0x3f0 src/main.o
 .debug_frame   0x000017a0       0x20 c:/program files (x86)/atmel/studio/7.0/toolchain/arm/arm-gnu-toolchain/bin/../lib/gcc/arm-none-eabi/6.3.1/thumb/v6-m\libgcc.a(_udivsi3.o)
 .debug_frame   0x000017c0       0x34 c:/program files (x86)/atmel/studio/7.0/toolchain/arm/arm-gnu-toolchain/bin/../lib/gcc/arm-none-eabi/6.3.1/thumb/v6-m\libgcc.a(_muldi3.o)
 .debug_frame   0x000017f4       0x28 c:/program files (x86)/atmel/studio/7.0/toolchain/arm/arm-gnu-toolchain/bin/../lib/gcc/arm-none-eabi/6.3.1/thumb/v6-m\libgcc.a(_fixunssfsi.o)
 .debug_frame   0x0000181c       0x34 c:/program files (x86)/atmel/studio/7.0/toolchain/arm/arm-gnu-toolchain/bin/../lib/gcc/arm-none-eabi/6.3.1/thumb/v6-m\libgcc.a(addsf3.o)
 .debug_frame   0x00001850       0x3c c:/program files (x86)/atmel/studio/7.0/toolchain/arm/arm-gnu-toolchain/bin/../lib/gcc/arm-none-eabi/6.3.1/thumb/v6-m\libgcc.a(divsf3.o)
 .debug_frame   0x0000188c       0x3c c:/program files (x86)/atmel/studio/7.0/toolchain/arm/arm-gnu-toolchain/bin/../lib/gcc/arm-none-eabi/6.3.1/thumb/v6-m\libgcc.a(mulsf3.o)
 .debug_frame   0x000018c8       0x38 c:/program files (x86)/atmel/studio/7.0/toolchain/arm/arm-gnu-toolchain/bin/../lib/gcc/arm-none-eabi/6.3.1/thumb/v6-m\libgcc.a(subsf3.o)
 .debug_frame   0x00001900       0x20 c:/program files (x86)/atmel/studio/7.0/toolchain/arm/arm-gnu-toolchain/bin/../lib/gcc/arm-none-eabi/6.3.1/thumb/v6-m\libgcc.a(fixsfsi.o)
 .debug_frame   0x00001920       0x2c c:/program files (x86)/atmel/studio/7.0/toolchain/arm/arm-gnu-toolchain/bin/../lib/gcc/arm-none-eabi/6.3.1/thumb/v6-m\libgcc.a(floatsisf.o)
 .debug_frame   0x0000194c       0x3c c:/program files (x86)/atmel/studio/7.0/toolchain/arm/arm-gnu-toolchain/bin/../lib/gcc/arm-none-eabi/6.3.1/thumb/v6-m\libgcc.a(divdf3.o)
 .debug_frame   0x00001988       0x3c c:/program files (x86)/atmel/studio/7.0/toolchain/arm/arm-gnu-toolchain/bin/../lib/gcc/arm-none-eabi/6.3.1/thumb/v6-m\libgcc.a(muldf3.o)
 .debug_frame   0x000019c4       0x2c c:/program files (x86)/atmel/studio/7.0/toolchain/arm/arm-gnu-toolchain/bin/../lib/gcc/arm-none-eabi/6.3.1/thumb/v6-m\libgcc.a(floatsidf.o)
 .debug_frame   0x000019f0       0x2c c:/program files (x86)/atmel/studio/7.0/toolchain/arm/arm-gnu-toolchain/bin/../lib/gcc/arm-none-eabi/6.3.1/thumb/v6-m\libgcc.a(extendsfdf2.o)
 .debug_frame   0x00001a1c       0x30 c:/program files (x86)/atmel/studio/7.0/toolchain/arm/arm-gnu-toolchain/bin/../lib/gcc/arm-none-eabi/6.3.1/thumb/v6-m\libgcc.a(truncdfsf2.o)
 .debug_frame   0x00001a4c       0x2c c:/program files (x86)/atmel/studio/7.0/toolchain/arm/arm-gnu-toolchain/bin/../lib/gcc/arm-none-eabi/6.3.1/thumb/v6-m\libgcc.a(eqsf2.o)
 .debug_frame   0x00001a78       0x30 c:/program files (x86)/atmel/studio/7.0/toolchain/arm/arm-gnu-toolchain/bin/../lib/gcc/arm-none-eabi/6.3.1/thumb/v6-m\libgcc.a(gesf2.o)
 .debug_frame   0x00001aa8       0x30 c:/program files (x86)/atmel/studio/7.0/toolchain/arm/arm-gnu-toolchain/bin/../lib/gcc/arm-none-eabi/6.3.1/thumb/v6-m\libgcc.a(lesf2.o)
 .debug_frame   0x00001ad8       0x2c c:/program files (x86)/atmel/studio/7.0/toolchain/arm/arm-gnu-toolchain/bin/../lib/gcc/arm-none-eabi/6.3.1/../../../../arm-none-eabi/lib/thumb/v6-m\libc_nano.a(lib_a-init.o)
 .debug_frame   0x00001b04       0x28 c:/program files (x86)/atmel/studio/7.0/toolchain/arm/arm-gnu-toolchain/bin/../lib/gcc/arm-none-eabi/6.3.1/../../../../arm-none-eabi/lib/thumb/v6-m\libc_nano.a(lib_a-memcpy-stub.o)

Cross Reference Table

Symbol                                            File
AC_Handler                                        src/ASF/sam0/utils/cmsis/saml21/source/gcc/startup_saml21.o
ADC_Handler                                       src/ASF/sam0/utils/cmsis/saml21/source/gcc/startup_saml21.o
AES_Handler                                       src/ASF/sam0/utils/cmsis/saml21/source/gcc/startup_saml21.o
DAC_Handler                                       src/ASF/sam0/utils/cmsis/saml21/source/gcc/startup_saml21.o
DMAC_Handler                                      src/ASF/sam0/drivers/dma/dma.o
Dummy_Handler                                     src/ASF/sam0/utils/cmsis/saml21/source/gcc/startup_saml21.o
EIC_Handler                                       src/ASF/sam0/utils/cmsis/saml21/source/gcc/startup_saml21.o
EVSYS_Handler                                     src/ASF/sam0/utils/cmsis/saml21/source/gcc/startup_saml21.o
HardFault_Handler                                 src/ASF/sam0/utils/cmsis/saml21/source/gcc/startup_saml21.o
NMI_Handler                                       src/ASF/sam0/utils/cmsis/saml21/source/gcc/startup_saml21.o
NVMCTRL_Handler                                   src/ASF/sam0/utils/cmsis/saml21/source/gcc/startup_saml21.o
PTC_Handler                                       src/ASF/sam0/utils/cmsis/saml21/source/gcc/startup_saml21.o
PendSV_Handler                                    src/ASF/sam0/utils/cmsis/saml21/source/gcc/startup_saml21.o
RTC_Handler                                       src/ASF/sam0/utils/cmsis/saml21/source/gcc/startup_saml21.o
Reset_Handler                                     src/ASF/sam0/utils/cmsis/saml21/source/gcc/startup_saml21.o
SERCOM0_Handler                                   src/ASF/sam0/drivers/sercom/sercom_interrupt.o
SERCOM1_Handler                                   src/ASF/sam0/drivers/sercom/sercom_interrupt.o
SERCOM2_Handler                                   src/ASF/sam0/drivers/sercom/sercom_interrupt.o
SERCOM3_Handler                                   src/ASF/sam0/drivers/sercom/sercom_interrupt.o
SERCOM4_Handler                                   src/ASF/sam0/drivers/sercom/sercom_interrupt.o
SERCOM5_Handler                                   src/ASF/sam0/drivers/sercom/sercom_interrupt.o
SVC_Handler                                       src/ASF/sam0/utils/cmsis/saml21/source/gcc/startup_saml21.o
SYSTEM_Handler                                    src/ASF/sam0/utils/cmsis/saml21/source/gcc/startup_saml21.o
SysTick_Handler                                   src/ASF/sam0/utils/cmsis/saml21/source/gcc/startup_saml21.o
SystemCoreClock                                   src/ASF/sam0/utils/cmsis/saml21/source/system_saml21.o
SystemCoreClockUpdate                             src/ASF/sam0/utils/cmsis/saml21/source/system_saml21.o
SystemInit                                        src/ASF/sam0/utils/cmsis/saml21/source/system_saml21.o
TC0_Handler                                       src/ASF/sam0/utils/cmsis/saml21/source/gcc/startup_saml21.o
TC1_Handler                                       src/ASF/sam0/utils/cmsis/saml21/source/gcc/startup_saml21.o
TC2_Handler                                       src/ASF/sam0/utils/cmsis/saml21/source/gcc/startup_saml21.o
TC3_Handler                                       src/ASF/sam0/utils/cmsis/saml21/source/gcc/startup_saml21.o
TC4_Handler                                       src/ASF/sam0/utils/cmsis/saml21/source/gcc/startup_saml21.o
TCC0_Handler                                      src/ASF/sam0/utils/cmsis/saml21/source/gcc/startup_saml21.o
TCC1_Handler                                      src/ASF/sam0/utils/cmsis/saml21/source/gcc/startup_saml21.o
TCC2_Handler                                      src/ASF/sam0/utils/cmsis/saml21/source/gcc/startup_saml21.o
TRNG_Handler                                      src/ASF/sam0/utils/cmsis/saml21/source/gcc/startup_saml21.o
USB_Handler                                       src/ASF/sam0/utils/cmsis/saml21/source/gcc/startup_saml21.o
WDT_Handler                                       src/ASF/sam0/utils/cmsis/saml21/source/gcc/startup_saml21.o
_Jv_RegisterClasses                               c:/program files (x86)/atmel/studio/7.0/toolchain/arm/arm-gnu-toolchain/bin/../lib/gcc/arm-none-eabi/6.3.1/thumb/v6-m/crtbegin.o
__aeabi_cfcmpeq                                   c:/program files (x86)/atmel/studio/7.0/toolchain/arm/arm-gnu-toolchain/bin/../lib/gcc/arm-none-eabi/6.3.1/thumb/v6-m\libgcc.a(_arm_cmpsf2.o)
__aeabi_cfcmple                                   c:/program files (x86)/atmel/studio/7.0/toolchain/arm/arm-gnu-toolchain/bin/../lib/gcc/arm-none-eabi/6.3.1/thumb/v6-m\libgcc.a(_arm_cmpsf2.o)
__aeabi_cfrcmple                                  c:/program files (x86)/atmel/studio/7.0/toolchain/arm/arm-gnu-toolchain/bin/../lib/gcc/arm-none-eabi/6.3.1/thumb/v6-m\libgcc.a(_arm_cmpsf2.o)
__aeabi_d2f                                       c:/program files (x86)/atmel/studio/7.0/toolchain/arm/arm-gnu-toolchain/bin/../lib/gcc/arm-none-eabi/6.3.1/thumb/v6-m\libgcc.a(truncdfsf2.o)
                                                  src/main.o
__aeabi_ddiv                                      c:/program files (x86)/atmel/studio/7.0/toolchain/arm/arm-gnu-toolchain/bin/../lib/gcc/arm-none-eabi/6.3.1/thumb/v6-m\libgcc.a(divdf3.o)
                                                  src/main.o
__aeabi_dmul                                      c:/program files (x86)/atmel/studio/7.0/toolchain/arm/arm-gnu-toolchain/bin/../lib/gcc/arm-none-eabi/6.3.1/thumb/v6-m\libgcc.a(muldf3.o)
                                                  src/main.o
__aeabi_f2d                                       c:/program files (x86)/atmel/studio/7.0/toolchain/arm/arm-gnu-toolchain/bin/../lib/gcc/arm-none-eabi/6.3.1/thumb/v6-m\libgcc.a(extendsfdf2.o)
                                                  src/main.o
__aeabi_f2iz                                      c:/program files (x86)/atmel/studio/7.0/toolchain/arm/arm-gnu-toolchain/bin/../lib/gcc/arm-none-eabi/6.3.1/thumb/v6-m\libgcc.a(fixsfsi.o)
                                                  c:/program files (x86)/atmel/studio/7.0/toolchain/arm/arm-gnu-toolchain/bin/../lib/gcc/arm-none-eabi/6.3.1/thumb/v6-m\libgcc.a(_fixunssfsi.o)
__aeabi_f2uiz                                     c:/program files (x86)/atmel/studio/7.0/toolchain/arm/arm-gnu-toolchain/bin/../lib/gcc/arm-none-eabi/6.3.1/thumb/v6-m\libgcc.a(_fixunssfsi.o)
                                                  src/main.o
__aeabi_fadd                                      c:/program files (x86)/atmel/studio/7.0/toolchain/arm/arm-gnu-toolchain/bin/../lib/gcc/arm-none-eabi/6.3.1/thumb/v6-m\libgcc.a(addsf3.o)
                                                  src/main.o
__aeabi_fcmpeq                                    c:/program files (x86)/atmel/studio/7.0/toolchain/arm/arm-gnu-toolchain/bin/../lib/gcc/arm-none-eabi/6.3.1/thumb/v6-m\libgcc.a(_arm_cmpsf2.o)
__aeabi_fcmpge                                    c:/program files (x86)/atmel/studio/7.0/toolchain/arm/arm-gnu-toolchain/bin/../lib/gcc/arm-none-eabi/6.3.1/thumb/v6-m\libgcc.a(_arm_cmpsf2.o)
                                                  c:/program files (x86)/atmel/studio/7.0/toolchain/arm/arm-gnu-toolchain/bin/../lib/gcc/arm-none-eabi/6.3.1/thumb/v6-m\libgcc.a(_fixunssfsi.o)
__aeabi_fcmpgt                                    c:/program files (x86)/atmel/studio/7.0/toolchain/arm/arm-gnu-toolchain/bin/../lib/gcc/arm-none-eabi/6.3.1/thumb/v6-m\libgcc.a(_arm_cmpsf2.o)
__aeabi_fcmple                                    c:/program files (x86)/atmel/studio/7.0/toolchain/arm/arm-gnu-toolchain/bin/../lib/gcc/arm-none-eabi/6.3.1/thumb/v6-m\libgcc.a(_arm_cmpsf2.o)
__aeabi_fcmplt                                    c:/program files (x86)/atmel/studio/7.0/toolchain/arm/arm-gnu-toolchain/bin/../lib/gcc/arm-none-eabi/6.3.1/thumb/v6-m\libgcc.a(_arm_cmpsf2.o)
__aeabi_fdiv                                      c:/program files (x86)/atmel/studio/7.0/toolchain/arm/arm-gnu-toolchain/bin/../lib/gcc/arm-none-eabi/6.3.1/thumb/v6-m\libgcc.a(divsf3.o)
                                                  src/main.o
__aeabi_fmul                                      c:/program files (x86)/atmel/studio/7.0/toolchain/arm/arm-gnu-toolchain/bin/../lib/gcc/arm-none-eabi/6.3.1/thumb/v6-m\libgcc.a(mulsf3.o)
                                                  src/main.o
__aeabi_fsub                                      c:/program files (x86)/atmel/studio/7.0/toolchain/arm/arm-gnu-toolchain/bin/../lib/gcc/arm-none-eabi/6.3.1/thumb/v6-m\libgcc.a(subsf3.o)
                                                  c:/program files (x86)/atmel/studio/7.0/toolchain/arm/arm-gnu-toolchain/bin/../lib/gcc/arm-none-eabi/6.3.1/thumb/v6-m\libgcc.a(_fixunssfsi.o)
__aeabi_i2d                                       c:/program files (x86)/atmel/studio/7.0/toolchain/arm/arm-gnu-toolchain/bin/../lib/gcc/arm-none-eabi/6.3.1/thumb/v6-m\libgcc.a(floatsidf.o)
                                                  src/main.o
__aeabi_i2f                                       c:/program files (x86)/atmel/studio/7.0/toolchain/arm/arm-gnu-toolchain/bin/../lib/gcc/arm-none-eabi/6.3.1/thumb/v6-m\libgcc.a(floatsisf.o)
                                                  src/main.o
__aeabi_idiv0                                     c:/program files (x86)/atmel/studio/7.0/toolchain/arm/arm-gnu-toolchain/bin/../lib/gcc/arm-none-eabi/6.3.1/thumb/v6-m\libgcc.a(_dvmd_tls.o)
                                                  c:/program files (x86)/atmel/studio/7.0/toolchain/arm/arm-gnu-toolchain/bin/../lib/gcc/arm-none-eabi/6.3.1/thumb/v6-m\libgcc.a(_udivsi3.o)
__aeabi_ldiv0                                     c:/program files (x86)/atmel/studio/7.0/toolchain/arm/arm-gnu-toolchain/bin/../lib/gcc/arm-none-eabi/6.3.1/thumb/v6-m\libgcc.a(_dvmd_tls.o)
__aeabi_lmul                                      c:/program files (x86)/atmel/studio/7.0/toolchain/arm/arm-gnu-toolchain/bin/../lib/gcc/arm-none-eabi/6.3.1/thumb/v6-m\libgcc.a(_muldi3.o)
                                                  src/ASF/sam0/drivers/sercom/sercom.o
__aeabi_uidiv                                     c:/program files (x86)/atmel/studio/7.0/toolchain/arm/arm-gnu-toolchain/bin/../lib/gcc/arm-none-eabi/6.3.1/thumb/v6-m\libgcc.a(_udivsi3.o)
                                                  c:/program files (x86)/atmel/studio/7.0/toolchain/arm/arm-gnu-toolchain/bin/../lib/gcc/arm-none-eabi/6.3.1/thumb/v6-m\libgcc.a(divdf3.o)
                                                  src/ASF/sam0/drivers/system/clock/clock_saml21/gclk.o
                                                  src/ASF/sam0/drivers/system/clock/clock_saml21/clock.o
__aeabi_uidivmod                                  c:/program files (x86)/atmel/studio/7.0/toolchain/arm/arm-gnu-toolchain/bin/../lib/gcc/arm-none-eabi/6.3.1/thumb/v6-m\libgcc.a(_udivsi3.o)
                                                  c:/program files (x86)/atmel/studio/7.0/toolchain/arm/arm-gnu-toolchain/bin/../lib/gcc/arm-none-eabi/6.3.1/thumb/v6-m\libgcc.a(divdf3.o)
__bss_end__                                       c:/program files (x86)/atmel/studio/7.0/toolchain/arm/arm-gnu-toolchain/bin/../lib/gcc/arm-none-eabi/6.3.1/../../../../arm-none-eabi/lib/thumb/v6-m/crt0.o
__bss_start__                                     c:/program files (x86)/atmel/studio/7.0/toolchain/arm/arm-gnu-toolchain/bin/../lib/gcc/arm-none-eabi/6.3.1/../../../../arm-none-eabi/lib/thumb/v6-m/crt0.o
__call_exitprocs                                  c:/program files (x86)/atmel/studio/7.0/toolchain/arm/arm-gnu-toolchain/bin/../lib/gcc/arm-none-eabi/6.3.1/../../../../arm-none-eabi/lib/thumb/v6-m\libc_nano.a(lib_a-exit.o)
__clzsi2                                          c:/program files (x86)/atmel/studio/7.0/toolchain/arm/arm-gnu-toolchain/bin/../lib/gcc/arm-none-eabi/6.3.1/thumb/v6-m\libgcc.a(_clzsi2.o)
                                                  c:/program files (x86)/atmel/studio/7.0/toolchain/arm/arm-gnu-toolchain/bin/../lib/gcc/arm-none-eabi/6.3.1/thumb/v6-m\libgcc.a(extendsfdf2.o)
                                                  c:/program files (x86)/atmel/studio/7.0/toolchain/arm/arm-gnu-toolchain/bin/../lib/gcc/arm-none-eabi/6.3.1/thumb/v6-m\libgcc.a(floatsidf.o)
                                                  c:/program files (x86)/atmel/studio/7.0/toolchain/arm/arm-gnu-toolchain/bin/../lib/gcc/arm-none-eabi/6.3.1/thumb/v6-m\libgcc.a(muldf3.o)
                                                  c:/program files (x86)/atmel/studio/7.0/toolchain/arm/arm-gnu-toolchain/bin/../lib/gcc/arm-none-eabi/6.3.1/thumb/v6-m\libgcc.a(divdf3.o)
                                                  c:/program files (x86)/atmel/studio/7.0/toolchain/arm/arm-gnu-toolchain/bin/../lib/gcc/arm-none-eabi/6.3.1/thumb/v6-m\libgcc.a(floatsisf.o)
                                                  c:/program files (x86)/atmel/studio/7.0/toolchain/arm/arm-gnu-toolchain/bin/../lib/gcc/arm-none-eabi/6.3.1/thumb/v6-m\libgcc.a(subsf3.o)
                                                  c:/program files (x86)/atmel/studio/7.0/toolchain/arm/arm-gnu-toolchain/bin/../lib/gcc/arm-none-eabi/6.3.1/thumb/v6-m\libgcc.a(mulsf3.o)
                                                  c:/program files (x86)/atmel/studio/7.0/toolchain/arm/arm-gnu-toolchain/bin/../lib/gcc/arm-none-eabi/6.3.1/thumb/v6-m\libgcc.a(divsf3.o)
                                                  c:/program files (x86)/atmel/studio/7.0/toolchain/arm/arm-gnu-toolchain/bin/../lib/gcc/arm-none-eabi/6.3.1/thumb/v6-m\libgcc.a(addsf3.o)
__deregister_frame_info                           c:/program files (x86)/atmel/studio/7.0/toolchain/arm/arm-gnu-toolchain/bin/../lib/gcc/arm-none-eabi/6.3.1/thumb/v6-m/crtbegin.o
__dso_handle                                      c:/program files (x86)/atmel/studio/7.0/toolchain/arm/arm-gnu-toolchain/bin/../lib/gcc/arm-none-eabi/6.3.1/thumb/v6-m/crtbegin.o
__eqsf2                                           c:/program files (x86)/atmel/studio/7.0/toolchain/arm/arm-gnu-toolchain/bin/../lib/gcc/arm-none-eabi/6.3.1/thumb/v6-m\libgcc.a(eqsf2.o)
                                                  c:/program files (x86)/atmel/studio/7.0/toolchain/arm/arm-gnu-toolchain/bin/../lib/gcc/arm-none-eabi/6.3.1/thumb/v6-m\libgcc.a(_arm_cmpsf2.o)
__fixunssfsi                                      c:/program files (x86)/atmel/studio/7.0/toolchain/arm/arm-gnu-toolchain/bin/../lib/gcc/arm-none-eabi/6.3.1/thumb/v6-m\libgcc.a(_fixunssfsi.o)
__gesf2                                           c:/program files (x86)/atmel/studio/7.0/toolchain/arm/arm-gnu-toolchain/bin/../lib/gcc/arm-none-eabi/6.3.1/thumb/v6-m\libgcc.a(gesf2.o)
                                                  c:/program files (x86)/atmel/studio/7.0/toolchain/arm/arm-gnu-toolchain/bin/../lib/gcc/arm-none-eabi/6.3.1/thumb/v6-m\libgcc.a(_arm_cmpsf2.o)
__gtsf2                                           c:/program files (x86)/atmel/studio/7.0/toolchain/arm/arm-gnu-toolchain/bin/../lib/gcc/arm-none-eabi/6.3.1/thumb/v6-m\libgcc.a(gesf2.o)
__init_array_end                                  c:/program files (x86)/atmel/studio/7.0/toolchain/arm/arm-gnu-toolchain/bin/../lib/gcc/arm-none-eabi/6.3.1/../../../../arm-none-eabi/lib/thumb/v6-m\libc_nano.a(lib_a-init.o)
__init_array_start                                c:/program files (x86)/atmel/studio/7.0/toolchain/arm/arm-gnu-toolchain/bin/../lib/gcc/arm-none-eabi/6.3.1/../../../../arm-none-eabi/lib/thumb/v6-m\libc_nano.a(lib_a-init.o)
__lesf2                                           c:/program files (x86)/atmel/studio/7.0/toolchain/arm/arm-gnu-toolchain/bin/../lib/gcc/arm-none-eabi/6.3.1/thumb/v6-m\libgcc.a(lesf2.o)
                                                  c:/program files (x86)/atmel/studio/7.0/toolchain/arm/arm-gnu-toolchain/bin/../lib/gcc/arm-none-eabi/6.3.1/thumb/v6-m\libgcc.a(_arm_cmpsf2.o)
__libc_fini_array                                 c:/program files (x86)/atmel/studio/7.0/toolchain/arm/arm-gnu-toolchain/bin/../lib/gcc/arm-none-eabi/6.3.1/../../../../arm-none-eabi/lib/thumb/v6-m/crt0.o
__libc_init_array                                 c:/program files (x86)/atmel/studio/7.0/toolchain/arm/arm-gnu-toolchain/bin/../lib/gcc/arm-none-eabi/6.3.1/../../../../arm-none-eabi/lib/thumb/v6-m\libc_nano.a(lib_a-init.o)
                                                  src/ASF/sam0/utils/cmsis/saml21/source/gcc/startup_saml21.o
                                                  c:/program files (x86)/atmel/studio/7.0/toolchain/arm/arm-gnu-toolchain/bin/../lib/gcc/arm-none-eabi/6.3.1/../../../../arm-none-eabi/lib/thumb/v6-m/crt0.o
__ltsf2                                           c:/program files (x86)/atmel/studio/7.0/toolchain/arm/arm-gnu-toolchain/bin/../lib/gcc/arm-none-eabi/6.3.1/thumb/v6-m\libgcc.a(lesf2.o)
__muldi3                                          c:/program files (x86)/atmel/studio/7.0/toolchain/arm/arm-gnu-toolchain/bin/../lib/gcc/arm-none-eabi/6.3.1/thumb/v6-m\libgcc.a(_muldi3.o)
__nesf2                                           c:/program files (x86)/atmel/studio/7.0/toolchain/arm/arm-gnu-toolchain/bin/../lib/gcc/arm-none-eabi/6.3.1/thumb/v6-m\libgcc.a(eqsf2.o)
__preinit_array_end                               c:/program files (x86)/atmel/studio/7.0/toolchain/arm/arm-gnu-toolchain/bin/../lib/gcc/arm-none-eabi/6.3.1/../../../../arm-none-eabi/lib/thumb/v6-m\libc_nano.a(lib_a-init.o)
__preinit_array_start                             c:/program files (x86)/atmel/studio/7.0/toolchain/arm/arm-gnu-toolchain/bin/../lib/gcc/arm-none-eabi/6.3.1/../../../../arm-none-eabi/lib/thumb/v6-m\libc_nano.a(lib_a-init.o)
__register_frame_info                             c:/program files (x86)/atmel/studio/7.0/toolchain/arm/arm-gnu-toolchain/bin/../lib/gcc/arm-none-eabi/6.3.1/thumb/v6-m/crtbegin.o
__sf_fake_stderr                                  c:/program files (x86)/atmel/studio/7.0/toolchain/arm/arm-gnu-toolchain/bin/../lib/gcc/arm-none-eabi/6.3.1/../../../../arm-none-eabi/lib/thumb/v6-m\libc_nano.a(lib_a-impure.o)
__sf_fake_stdin                                   c:/program files (x86)/atmel/studio/7.0/toolchain/arm/arm-gnu-toolchain/bin/../lib/gcc/arm-none-eabi/6.3.1/../../../../arm-none-eabi/lib/thumb/v6-m\libc_nano.a(lib_a-impure.o)
__sf_fake_stdout                                  c:/program files (x86)/atmel/studio/7.0/toolchain/arm/arm-gnu-toolchain/bin/../lib/gcc/arm-none-eabi/6.3.1/../../../../arm-none-eabi/lib/thumb/v6-m\libc_nano.a(lib_a-impure.o)
__stack                                           c:/program files (x86)/atmel/studio/7.0/toolchain/arm/arm-gnu-toolchain/bin/../lib/gcc/arm-none-eabi/6.3.1/../../../../arm-none-eabi/lib/thumb/v6-m/crt0.o
__udivsi3                                         c:/program files (x86)/atmel/studio/7.0/toolchain/arm/arm-gnu-toolchain/bin/../lib/gcc/arm-none-eabi/6.3.1/thumb/v6-m\libgcc.a(_udivsi3.o)
_adc_biascomp_addr                                src/ASF/sam0/drivers/adc/adc_sam_l_c/adc.o
_adc_biascomp_pos                                 src/ASF/sam0/drivers/adc/adc_sam_l_c/adc.o
_adc_biasrefbuf_addr                              src/ASF/sam0/drivers/adc/adc_sam_l_c/adc.o
_adc_biasrefbuf_pos                               src/ASF/sam0/drivers/adc/adc_sam_l_c/adc.o
_adc_extchannel_msb                               src/ASF/sam0/drivers/adc/adc_sam_l_c/adc.o
_adc_gclk_ids                                     src/ASF/sam0/drivers/adc/adc_sam_l_c/adc.o
_adc_get_inst_index                               src/ASF/sam0/drivers/adc/adc_sam_l_c/adc.o
_close                                            src/ASF/sam0/utils/syscalls/gcc/syscalls.o
_dma_inst                                         src/ASF/sam0/drivers/dma/dma.o
_end                                              src/ASF/sam0/utils/syscalls/gcc/syscalls.o
_erelocate                                        src/ASF/sam0/utils/cmsis/saml21/source/gcc/startup_saml21.o
_estack                                           src/ASF/sam0/utils/cmsis/saml21/source/gcc/startup_saml21.o
_etext                                            src/ASF/sam0/utils/cmsis/saml21/source/gcc/startup_saml21.o
_exit                                             src/ASF/sam0/utils/syscalls/gcc/syscalls.o
                                                  c:/program files (x86)/atmel/studio/7.0/toolchain/arm/arm-gnu-toolchain/bin/../lib/gcc/arm-none-eabi/6.3.1/../../../../arm-none-eabi/lib/thumb/v6-m\libc_nano.a(lib_a-exit.o)
_ezero                                            src/ASF/sam0/utils/cmsis/saml21/source/gcc/startup_saml21.o
_fini                                             c:/program files (x86)/atmel/studio/7.0/toolchain/arm/arm-gnu-toolchain/bin/../lib/gcc/arm-none-eabi/6.3.1/thumb/v6-m/crti.o
_fstat                                            src/ASF/sam0/utils/syscalls/gcc/syscalls.o
_getpid                                           src/ASF/sam0/utils/syscalls/gcc/syscalls.o
_global_impure_ptr                                c:/program files (x86)/atmel/studio/7.0/toolchain/arm/arm-gnu-toolchain/bin/../lib/gcc/arm-none-eabi/6.3.1/../../../../arm-none-eabi/lib/thumb/v6-m\libc_nano.a(lib_a-impure.o)
                                                  c:/program files (x86)/atmel/studio/7.0/toolchain/arm/arm-gnu-toolchain/bin/../lib/gcc/arm-none-eabi/6.3.1/../../../../arm-none-eabi/lib/thumb/v6-m\libc_nano.a(lib_a-exit.o)
_impure_ptr                                       c:/program files (x86)/atmel/studio/7.0/toolchain/arm/arm-gnu-toolchain/bin/../lib/gcc/arm-none-eabi/6.3.1/../../../../arm-none-eabi/lib/thumb/v6-m\libc_nano.a(lib_a-impure.o)
_init                                             c:/program files (x86)/atmel/studio/7.0/toolchain/arm/arm-gnu-toolchain/bin/../lib/gcc/arm-none-eabi/6.3.1/thumb/v6-m/crti.o
                                                  c:/program files (x86)/atmel/studio/7.0/toolchain/arm/arm-gnu-toolchain/bin/../lib/gcc/arm-none-eabi/6.3.1/../../../../arm-none-eabi/lib/thumb/v6-m\libc_nano.a(lib_a-init.o)
_isatty                                           src/ASF/sam0/utils/syscalls/gcc/syscalls.o
_kill                                             src/ASF/sam0/utils/syscalls/gcc/syscalls.o
_lseek                                            src/ASF/sam0/utils/syscalls/gcc/syscalls.o
_mainCRTStartup                                   c:/program files (x86)/atmel/studio/7.0/toolchain/arm/arm-gnu-toolchain/bin/../lib/gcc/arm-none-eabi/6.3.1/../../../../arm-none-eabi/lib/thumb/v6-m/crt0.o
_read                                             src/ASF/sam0/utils/stdio/read.o
_sbrk                                             src/ASF/sam0/utils/syscalls/gcc/syscalls.o
_sercom_get_async_baud_val                        src/ASF/sam0/drivers/sercom/sercom.o
                                                  src/ASF/sam0/drivers/sercom/usart/usart.o
_sercom_get_default_pad                           src/ASF/sam0/drivers/sercom/sercom.o
                                                  src/ASF/sam0/drivers/sercom/usart/usart.o
_sercom_get_interrupt_vector                      src/ASF/sam0/drivers/sercom/sercom_interrupt.o
                                                  src/main.o
_sercom_get_sercom_inst_index                     src/ASF/sam0/drivers/sercom/sercom.o
                                                  src/ASF/sam0/drivers/sercom/usart/usart.o
                                                  src/ASF/sam0/drivers/sercom/sercom_interrupt.o
_sercom_get_sync_baud_val                         src/ASF/sam0/drivers/sercom/sercom.o
                                                  src/ASF/sam0/drivers/sercom/usart/usart.o
_sercom_instances                                 src/ASF/sam0/drivers/sercom/sercom_interrupt.o
                                                  src/ASF/sam0/drivers/sercom/usart/usart_interrupt.o
                                                  src/ASF/sam0/drivers/sercom/usart/usart.o
_sercom_set_handler                               src/ASF/sam0/drivers/sercom/sercom_interrupt.o
                                                  src/ASF/sam0/drivers/sercom/usart/usart.o
_sfixed                                           src/ASF/sam0/utils/cmsis/saml21/source/gcc/startup_saml21.o
_srelocate                                        src/ASF/sam0/utils/cmsis/saml21/source/gcc/startup_saml21.o
_start                                            c:/program files (x86)/atmel/studio/7.0/toolchain/arm/arm-gnu-toolchain/bin/../lib/gcc/arm-none-eabi/6.3.1/../../../../arm-none-eabi/lib/thumb/v6-m/crt0.o
_system_divas_init                                src/ASF/sam0/drivers/system/system.o
_system_dummy_init                                src/ASF/sam0/drivers/system/system.o
_system_events_init                               src/ASF/sam0/drivers/system/system.o
_system_extint_init                               src/ASF/sam0/drivers/system/system.o
_szero                                            src/ASF/sam0/utils/cmsis/saml21/source/gcc/startup_saml21.o
_tcc_apbcmasks                                    src/ASF/sam0/drivers/tcc/tcc.o
_tcc_cc_nums                                      src/ASF/sam0/drivers/tcc/tcc.o
_tcc_exts                                         src/ASF/sam0/drivers/tcc/tcc.o
_tcc_gclk_ids                                     src/ASF/sam0/drivers/tcc/tcc.o
_tcc_get_inst_index                               src/ASF/sam0/drivers/tcc/tcc.o
_tcc_maxs                                         src/ASF/sam0/drivers/tcc/tcc.o
_tcc_ow_nums                                      src/ASF/sam0/drivers/tcc/tcc.o
_tcc_sizes                                        src/ASF/sam0/drivers/tcc/tcc.o
_usart_interrupt_handler                          src/ASF/sam0/drivers/sercom/usart/usart_interrupt.o
                                                  src/ASF/sam0/drivers/sercom/usart/usart.o
_usart_read_buffer                                src/ASF/sam0/drivers/sercom/usart/usart_interrupt.o
_usart_write_buffer                               src/ASF/sam0/drivers/sercom/usart/usart_interrupt.o
_write                                            src/ASF/sam0/utils/stdio/write.o
adc_get_config_defaults                           src/ASF/sam0/drivers/adc/adc_sam_l_c/adc.o
                                                  src/main.o
adc_init                                          src/ASF/sam0/drivers/adc/adc_sam_l_c/adc.o
                                                  src/main.o
adc_set_window_mode                               src/ASF/sam0/drivers/adc/adc_sam_l_c/adc.o
atexit                                            c:/program files (x86)/atmel/studio/7.0/toolchain/arm/arm-gnu-toolchain/bin/../lib/gcc/arm-none-eabi/6.3.1/../../../../arm-none-eabi/lib/thumb/v6-m/crt0.o
board_init                                        src/ASF/sam0/boards/saml21_xplained_pro_b/board_init.o
check_for_commands                                src/main.o
cpu_irq_enter_critical                            src/ASF/common/utils/interrupt/interrupt_sam_nvic.o
                                                  src/ASF/sam0/drivers/system/clock/clock_saml21/gclk.o
                                                  src/ASF/sam0/drivers/sercom/usart/usart_interrupt.o
                                                  src/ASF/sam0/drivers/dma/dma.o
cpu_irq_leave_critical                            src/ASF/common/utils/interrupt/interrupt_sam_nvic.o
                                                  src/ASF/sam0/drivers/system/clock/clock_saml21/gclk.o
                                                  src/ASF/sam0/drivers/sercom/usart/usart_interrupt.o
                                                  src/ASF/sam0/drivers/dma/dma.o
delay_init                                        src/ASF/common2/services/delay/sam0/cycle_counter.o
descriptor_section                                src/ASF/sam0/drivers/dma/dma.o
dma_abort_job                                     src/ASF/sam0/drivers/dma/dma.o
dma_add_descriptor                                src/ASF/sam0/drivers/dma/dma.o
                                                  src/main.o
dma_allocate                                      src/ASF/sam0/drivers/dma/dma.o
                                                  src/main.o
dma_descriptor_create                             src/ASF/sam0/drivers/dma/dma.o
                                                  src/main.o
dma_free                                          src/ASF/sam0/drivers/dma/dma.o
dma_get_config_defaults                           src/ASF/sam0/drivers/dma/dma.o
                                                  src/main.o
dma_resume_job                                    src/ASF/sam0/drivers/dma/dma.o
dma_start_transfer_job                            src/ASF/sam0/drivers/dma/dma.o
                                                  src/main.o
dma_suspend_job                                   src/ASF/sam0/drivers/dma/dma.o
example_descriptor_rx                             src/main.o
example_descriptor_tx                             src/main.o
exception_table                                   src/ASF/sam0/utils/cmsis/saml21/source/gcc/startup_saml21.o
exit                                              c:/program files (x86)/atmel/studio/7.0/toolchain/arm/arm-gnu-toolchain/bin/../lib/gcc/arm-none-eabi/6.3.1/../../../../arm-none-eabi/lib/thumb/v6-m\libc_nano.a(lib_a-exit.o)
                                                  c:/program files (x86)/atmel/studio/7.0/toolchain/arm/arm-gnu-toolchain/bin/../lib/gcc/arm-none-eabi/6.3.1/../../../../arm-none-eabi/lib/thumb/v6-m/crt0.o
g_chan_interrupt_flag                             src/ASF/sam0/drivers/dma/dma.o
                                                  src/main.o
g_data_valid                                      src/main.o
g_enable_output                                   src/main.o
g_interrupt_enabled                               src/ASF/common/utils/interrupt/interrupt_sam_nvic.o
g_pwm_period                                      src/main.o
hardware_init_hook                                c:/program files (x86)/atmel/studio/7.0/toolchain/arm/arm-gnu-toolchain/bin/../lib/gcc/arm-none-eabi/6.3.1/../../../../arm-none-eabi/lib/thumb/v6-m/crt0.o
link                                              src/ASF/sam0/utils/syscalls/gcc/syscalls.o
main                                              src/main.o
                                                  src/ASF/sam0/utils/cmsis/saml21/source/gcc/startup_saml21.o
                                                  c:/program files (x86)/atmel/studio/7.0/toolchain/arm/arm-gnu-toolchain/bin/../lib/gcc/arm-none-eabi/6.3.1/../../../../arm-none-eabi/lib/thumb/v6-m/crt0.o
memcpy                                            c:/program files (x86)/atmel/studio/7.0/toolchain/arm/arm-gnu-toolchain/bin/../lib/gcc/arm-none-eabi/6.3.1/../../../../arm-none-eabi/lib/thumb/v6-m\libc_nano.a(lib_a-memcpy-stub.o)
                                                  src/ASF/sam0/drivers/dma/dma.o
                                                  src/ASF/sam0/drivers/adc/adc_sam_l_c/adc.o
memset                                            c:/program files (x86)/atmel/studio/7.0/toolchain/arm/arm-gnu-toolchain/bin/../lib/gcc/arm-none-eabi/6.3.1/../../../../arm-none-eabi/lib/thumb/v6-m\libc_nano.a(lib_a-memset.o)
                                                  c:/program files (x86)/atmel/studio/7.0/toolchain/arm/arm-gnu-toolchain/bin/../lib/gcc/arm-none-eabi/6.3.1/../../../../arm-none-eabi/lib/thumb/v6-m/crt0.o
port_group_set_config                             src/ASF/sam0/drivers/port/port.o
port_pin_set_config                               src/ASF/sam0/drivers/port/port.o
                                                  src/main.o
                                                  src/ASF/sam0/boards/saml21_xplained_pro_b/board_init.o
portable_delay_cycles                             src/ASF/common2/services/delay/sam0/cycle_counter.o
ptr_get                                           src/ASF/sam0/utils/stdio/read.o
ptr_put                                           src/ASF/sam0/utils/stdio/write.o
sercom_set_gclk_generator                         src/ASF/sam0/drivers/sercom/sercom.o
                                                  src/ASF/sam0/drivers/sercom/usart/usart.o
software_init_hook                                c:/program files (x86)/atmel/studio/7.0/toolchain/arm/arm-gnu-toolchain/bin/../lib/gcc/arm-none-eabi/6.3.1/../../../../arm-none-eabi/lib/thumb/v6-m/crt0.o
stdio_base                                        src/ASF/sam0/utils/stdio/write.o
                                                  src/ASF/sam0/utils/stdio/read.o
system_board_init                                 src/ASF/sam0/boards/saml21_xplained_pro_b/board_init.o
system_clock_init                                 src/ASF/sam0/drivers/system/clock/clock_saml21/clock.o
system_clock_source_dfll_set_config               src/ASF/sam0/drivers/system/clock/clock_saml21/clock.o
system_clock_source_disable                       src/ASF/sam0/drivers/system/clock/clock_saml21/clock.o
system_clock_source_dpll_set_config               src/ASF/sam0/drivers/system/clock/clock_saml21/clock.o
system_clock_source_enable                        src/ASF/sam0/drivers/system/clock/clock_saml21/clock.o
system_clock_source_get_hz                        src/ASF/sam0/drivers/system/clock/clock_saml21/clock.o
                                                  src/ASF/sam0/drivers/system/clock/clock_saml21/gclk.o
system_clock_source_is_ready                      src/ASF/sam0/drivers/system/clock/clock_saml21/clock.o
system_clock_source_osc16m_set_config             src/ASF/sam0/drivers/system/clock/clock_saml21/clock.o
system_clock_source_osc32k_set_config             src/ASF/sam0/drivers/system/clock/clock_saml21/clock.o
system_clock_source_osculp32k_set_config          src/ASF/sam0/drivers/system/clock/clock_saml21/clock.o
system_clock_source_write_calibration             src/ASF/sam0/drivers/system/clock/clock_saml21/clock.o
system_clock_source_xosc32k_set_config            src/ASF/sam0/drivers/system/clock/clock_saml21/clock.o
system_clock_source_xosc_set_config               src/ASF/sam0/drivers/system/clock/clock_saml21/clock.o
system_gclk_chan_disable                          src/ASF/sam0/drivers/system/clock/clock_saml21/gclk.o
system_gclk_chan_enable                           src/ASF/sam0/drivers/system/clock/clock_saml21/gclk.o
                                                  src/ASF/sam0/drivers/tcc/tcc.o